Component: ARM Compiler 5.05 update 1 (build 106) Tool: armlink [4d0efa]

==============================================================================

Section Cross References

    startup_stm32f407xx.o(STACK) refers (Special) to heapauxi.o(.text) for __use_two_region_memory
    startup_stm32f407xx.o(HEAP) refers (Special) to heapauxi.o(.text) for __use_two_region_memory
    startup_stm32f407xx.o(RESET) refers (Special) to heapauxi.o(.text) for __use_two_region_memory
    startup_stm32f407xx.o(RESET) refers to startup_stm32f407xx.o(STACK) for __initial_sp
    startup_stm32f407xx.o(RESET) refers to startup_stm32f407xx.o(.text) for Reset_Handler
    startup_stm32f407xx.o(RESET) refers to stm32f4xx_it.o(i.NMI_Handler) for NMI_Handler
    startup_stm32f407xx.o(RESET) refers to stm32f4xx_it.o(i.HardFault_Handler) for HardFault_Handler
    startup_stm32f407xx.o(RESET) refers to stm32f4xx_it.o(i.MemManage_Handler) for MemManage_Handler
    startup_stm32f407xx.o(RESET) refers to stm32f4xx_it.o(i.BusFault_Handler) for BusFault_Handler
    startup_stm32f407xx.o(RESET) refers to stm32f4xx_it.o(i.UsageFault_Handler) for UsageFault_Handler
    startup_stm32f407xx.o(RESET) refers to port.o(.emb_text) for SVC_Handler
    startup_stm32f407xx.o(RESET) refers to stm32f4xx_it.o(i.DebugMon_Handler) for DebugMon_Handler
    startup_stm32f407xx.o(RESET) refers to stm32f4xx_it.o(i.SysTick_Handler) for SysTick_Handler
    startup_stm32f407xx.o(RESET) refers to stm32f4xx_it.o(i.EXTI0_IRQHandler) for EXTI0_IRQHandler
    startup_stm32f407xx.o(RESET) refers to stm32f4xx_it.o(i.EXTI3_IRQHandler) for EXTI3_IRQHandler
    startup_stm32f407xx.o(RESET) refers to stm32f4xx_it.o(i.EXTI4_IRQHandler) for EXTI4_IRQHandler
    startup_stm32f407xx.o(RESET) refers to stm32f4xx_it.o(i.CAN1_RX0_IRQHandler) for CAN1_RX0_IRQHandler
    startup_stm32f407xx.o(RESET) refers to stm32f4xx_it.o(i.EXTI9_5_IRQHandler) for EXTI9_5_IRQHandler
    startup_stm32f407xx.o(RESET) refers to tim.o(i.TIM2_IRQHandler) for TIM2_IRQHandler
    startup_stm32f407xx.o(RESET) refers to tim.o(i.TIM3_IRQHandler) for TIM3_IRQHandler
    startup_stm32f407xx.o(RESET) refers to vision.o(i.USART1_IRQHandler) for USART1_IRQHandler
    startup_stm32f407xx.o(RESET) refers to remote_control.o(i.USART3_IRQHandler) for USART3_IRQHandler
    startup_stm32f407xx.o(RESET) refers to bsp_i2c.o(i.DMA1_Stream7_IRQHandler) for DMA1_Stream7_IRQHandler
    startup_stm32f407xx.o(RESET) refers to stm32f4xx_it.o(i.TIM6_DAC_IRQHandler) for TIM6_DAC_IRQHandler
    startup_stm32f407xx.o(RESET) refers to stm32f4xx_it.o(i.DMA2_Stream1_IRQHandler) for DMA2_Stream1_IRQHandler
    startup_stm32f407xx.o(RESET) refers to ins_task.o(i.DMA2_Stream2_IRQHandler) for DMA2_Stream2_IRQHandler
    startup_stm32f407xx.o(RESET) refers to stm32f4xx_it.o(i.CAN2_RX0_IRQHandler) for CAN2_RX0_IRQHandler
    startup_stm32f407xx.o(RESET) refers to stm32f4xx_it.o(i.OTG_FS_IRQHandler) for OTG_FS_IRQHandler
    startup_stm32f407xx.o(RESET) refers to stm32f4xx_it.o(i.DMA2_Stream5_IRQHandler) for DMA2_Stream5_IRQHandler
    startup_stm32f407xx.o(RESET) refers to stm32f4xx_it.o(i.DMA2_Stream6_IRQHandler) for DMA2_Stream6_IRQHandler
    startup_stm32f407xx.o(RESET) refers to stm32f4xx_it.o(i.DMA2_Stream7_IRQHandler) for DMA2_Stream7_IRQHandler
    startup_stm32f407xx.o(RESET) refers to referee_usart_task.o(i.USART6_IRQHandler) for USART6_IRQHandler
    startup_stm32f407xx.o(.text) refers (Special) to heapauxi.o(.text) for __use_two_region_memory
    startup_stm32f407xx.o(.text) refers to system_stm32f4xx.o(i.SystemInit) for SystemInit
    startup_stm32f407xx.o(.text) refers to __main.o(!!!main) for __main
    startup_stm32f407xx.o(.text) refers to startup_stm32f407xx.o(HEAP) for Heap_Mem
    startup_stm32f407xx.o(.text) refers to startup_stm32f407xx.o(STACK) for Stack_Mem
    main.o(i.SystemClock_Config) refers to rt_memclr_w.o(.text) for __aeabi_memclr4
    main.o(i.SystemClock_Config) refers to stm32f4xx_hal_rcc.o(i.HAL_RCC_OscConfig) for HAL_RCC_OscConfig
    main.o(i.SystemClock_Config) refers to main.o(i.Error_Handler) for Error_Handler
    main.o(i.SystemClock_Config) refers to stm32f4xx_hal_rcc.o(i.HAL_RCC_ClockConfig) for HAL_RCC_ClockConfig
    main.o(i.main) refers to stm32f4xx_hal.o(i.HAL_Init) for HAL_Init
    main.o(i.main) refers to main.o(i.SystemClock_Config) for SystemClock_Config
    main.o(i.main) refers to gpio.o(i.MX_GPIO_Init) for MX_GPIO_Init
    main.o(i.main) refers to dma.o(i.MX_DMA_Init) for MX_DMA_Init
    main.o(i.main) refers to adc.o(i.MX_ADC1_Init) for MX_ADC1_Init
    main.o(i.main) refers to adc.o(i.MX_ADC3_Init) for MX_ADC3_Init
    main.o(i.main) refers to can.o(i.MX_CAN1_Init) for MX_CAN1_Init
    main.o(i.main) refers to can.o(i.MX_CAN2_Init) for MX_CAN2_Init
    main.o(i.main) refers to i2c.o(i.MX_I2C1_Init) for MX_I2C1_Init
    main.o(i.main) refers to spi.o(i.MX_SPI1_Init) for MX_SPI1_Init
    main.o(i.main) refers to tim.o(i.MX_TIM4_Init) for MX_TIM4_Init
[...]
    0x08000e30   0x000000b2   Code   RO        13718    .text               c_w.l(_printf_intcommon.o)
    0x08000ee2   0x0000041a   Code   RO        13720    .text               c_w.l(_printf_fp_dec.o)
    0x080012fc   0x000002fc   Code   RO        13722    .text               c_w.l(_printf_fp_hex.o)
    0x080015f8   0x0000002c   Code   RO        13727    .text               c_w.l(_printf_char.o)
    0x08001624   0x0000002c   Code   RO        13729    .text               c_w.l(_printf_wchar.o)
    0x08001650   0x00000040   Code   RO        13732    .text               c_w.l(_wcrtomb.o)
    0x08001690   0x00000002   Code   RO        13749    .text               c_w.l(use_no_semi.o)
    0x08001692   0x00000000   Code   RO        13751    .text               c_w.l(indicate_semi.o)
    0x08001692   0x0000004a   Code   RO        13752    .text               c_w.l(sys_stackheap_outer.o)
    0x080016dc   0x00000010   Code   RO        13754    .text               c_w.l(rt_ctype_table.o)
    0x080016ec   0x00000008   Code   RO        13761    .text               c_w.l(rt_locale_intlibspace.o)
    0x080016f4   0x00000080   Code   RO        13765    .text               c_w.l(_printf_fp_infnan.o)
    0x08001774   0x000000dc   Code   RO        13767    .text               c_w.l(bigflt0.o)
    0x08001850   0x0000000c   Code   RO        13795    .text               c_w.l(exit.o)
    0x0800185c   0x0000000a   Code   RO        13797    .text               c_w.l(defsig_exit.o)
    0x08001866   0x0000000e   Code   RO        13799    .text               c_w.l(defsig_fpe_outer.o)
    0x08001874   0x0000000c   Code   RO        13817    .text               c_w.l(sys_exit.o)
    0x08001880   0x00000032   Code   RO        13830    .text               c_w.l(defsig_general.o)
    0x080018b2   0x00000002   PAD
    0x080018b4   0x000000ac   Code   RO        13832    .text               c_w.l(defsig_fpe_inner.o)
    0x08001960   0x00000080   Code   RO        13834    .text               c_w.l(strcmpv7m.o)
    0x080019e0   0x0000000e   Code   RO        13851    .text               c_w.l(sys_wrch.o)
    0x080019ee   0x0000003e   Code   RO        13770    CL$$btod_d2e        c_w.l(btod.o)
    0x08001a2c   0x00000046   Code   RO        13772    CL$$btod_d2e_denorm_low  c_w.l(btod.o)
    0x08001a72   0x00000060   Code   RO        13771    CL$$btod_d2e_norm_op1  c_w.l(btod.o)
    0x08001ad2   0x00000338   Code   RO        13780    CL$$btod_div_common  c_w.l(btod.o)
    0x08001e0a   0x000000c6   Code   RO        13777    CL$$btod_e2e        c_w.l(btod.o)
    0x08001ed0   0x00000028   Code   RO        13774    CL$$btod_ediv       c_w.l(btod.o)
    0x08001ef8   0x00000028   Code   RO        13773    CL$$btod_emul       c_w.l(btod.o)
    0x08001f20   0x00000244   Code   RO        13779    CL$$btod_mult_common  c_w.l(btod.o)
    0x08002164   0x00000130   Code   RO         7651    i.ADC_Init          stm32f4xx_hal_adc.o
    0x08002294   0x00000018   Code   RO         4050    i.AHRS_asinf        ahrs_middleware.o
    0x080022ac   0x00000020   Code   RO         4051    i.AHRS_atan2f       ahrs_middleware.o
    0x080022cc   0x00000018   Code   RO         4052    i.AHRS_cosf         ahrs_middleware.o
    0x080022e4   0x0000001a   Code   RO        12835    i.AHRS_fabs         AHRS.lib(ahrs.o)
    0x080022fe   0x00000002   PAD
    0x08002300   0x00000010   Code   RO         4053    i.AHRS_get_height   ahrs_middleware.o
    0x08002310   0x0000000c   Code   RO         4054    i.AHRS_get_latitude  ahrs_middleware.o
    0x0800231c   0x0000029c   Code   RO        12836    i.AHRS_init         AHRS.lib(ahrs.o)
    0x080025b8   0x00000024   Code   RO         4055    i.AHRS_invSqrt      ahrs_middleware.o
    0x080025dc   0x00000018   Code   RO         4056    i.AHRS_sinf         ahrs_middleware.o
    0x080025f4   0x0000013a   Code   RO        12837    i.AHRS_update       AHRS.lib(ahrs.o)
    0x0800272e   0x00000002   PAD
    0x08002730   0x00000034   Code   RO         2854    i.Accable           chassis_power_control.o
    0x08002764   0x00000008   Code   RO         3275    i.AimDataUpdate     vision.o
    0x0800276c   0x00000214   Code   RO         5830    i.AutoDataUpdate    vision_task.o
    0x08002980   0x00000014   Code   RO         3841    i.BMI088_ACCEL_NS_H  bmi088middleware.o
    0x08002994   0x00000014   Code   RO         3842    i.BMI088_ACCEL_NS_L  bmi088middleware.o
    0x080029a8   0x00000002   Code   RO         3843    i.BMI088_GPIO_init  bmi088middleware.o
    0x080029aa   0x00000002   PAD
    0x080029ac   0x00000014   Code   RO         3844    i.BMI088_GYRO_NS_H  bmi088middleware.o
    0x080029c0   0x00000014   Code   RO         3845    i.BMI088_GYRO_NS_L  bmi088middleware.o
    0x080029d4   0x00000090   Code   RO         3705    i.BMI088_accel_read_over  bmi088driver.o
    0x08002a64   0x00000002   Code   RO         3846    i.BMI088_com_init   bmi088middleware.o
    0x08002a66   0x0000000c   Code   RO         3847    i.BMI088_delay_ms   bmi088middleware.o
    0x08002a72   0x0000000c   Code   RO         3848    i.BMI088_delay_us   bmi088middleware.o
    0x08002a7e   0x00000002   PAD
    0x08002a80   0x00000068   Code   RO         3706    i.BMI088_gyro_read_over  bmi088driver.o
    0x08002ae8   0x00000034   Code   RO         3707    i.BMI088_init       bmi088driver.o
    0x08002b1c   0x0000017c   Code   RO         3708    i.BMI088_read       bmi088driver.o
    0x08002c98   0x00000026   Code   RO         3711    i.BMI088_read_muli_reg  bmi088driver.o
    0x08002cbe   0x00000018   Code   RO         3712    i.BMI088_read_single_reg  bmi088driver.o
    0x08002cd6   0x00000002   PAD
    0x08002cd8   0x00000020   Code   RO         3849    i.BMI088_read_write_byte  bmi088middleware.o
    0x08002cf8   0x00000034   Code   RO         3713    i.BMI088_temperature_read_over  bmi088driver.o
    0x08002d2c   0x00000014   Code   RO         3714    i.BMI088_write_single_reg  bmi088driver.o
    0x08002d40   0x00000004   Code   RO         1431    i.BusFault_Handler  stm32f4xx_it.o
    0x08002d44   0x00000010   Code   RO         1432    i.CAN1_RX0_IRQHandler  stm32f4xx_it.o
    0x08002d54   0x00000010   Code   RO         1433    i.CAN2_RX0_IRQHandler  stm32f4xx_it.o
    0x08002d64   0x00000050   Code   RO         2741    i.CAN_cmd_chassis   can_receive.o
    0x08002db4   0x00000044   Code   RO         2742    i.CAN_cmd_chassis_reset_ID  can_receive.o
    0x08002df8   0x00000050   Code   RO         2743    i.CAN_cmd_gimbal    can_receive.o
    0x08002e48   0x00000050   Code   RO         2744    i.CAN_cmd_shoot     can_receive.o
    0x08002e98   0x00000064   Code   RO         2855    i.ChassisGainPID_Init  chassis_power_control.o
    0x08002efc   0x000007a0   Code   RO         2856    i.ChassisPowerLimit  chassis_power_control.o
    0x0800369c   0x0000000c   Code   RO         3347    i.Chassis_Power_Limit  referee_lib.o
    0x080036a8   0x00000084   Code   RO         2857    i.Chassis_VAL_LIMIT  chassis_power_control.o
    0x0800372c   0x0000007c   Code   RO         2292    i.DMA1_Stream7_IRQHandler  bsp_i2c.o
    0x080037a8   0x00000010   Code   RO         1434    i.DMA2_Stream1_IRQHandler  stm32f4xx_it.o
    0x080037b8   0x00000898   Code   RO         5436    i.DMA2_Stream2_IRQHandler  ins_task.o
    0x08004050   0x00000010   Code   RO         1435    i.DMA2_Stream5_IRQHandler  stm32f4xx_it.o
    0x08004060   0x00000010   Code   RO         1436    i.DMA2_Stream6_IRQHandler  stm32f4xx_it.o
    0x08004070   0x00000010   Code   RO         1437    i.DMA2_Stream7_IRQHandler  stm32f4xx_it.o
    0x08004080   0x00000034   Code   RO         6980    i.DMA_CalcBaseAndBitshift  stm32f4xx_hal_dma.o
    0x080040b4   0x0000007e   Code   RO         6981    i.DMA_CheckFifoParam  stm32f4xx_hal_dma.o
    0x08004132   0x00000038   Code   RO         6982    i.DMA_SetConfig     stm32f4xx_hal_dma.o
    0x0800416a   0x00000002   Code   RO         1438    i.DebugMon_Handler  stm32f4xx_it.o
    0x0800416c   0x0000000a   Code   RO         1439    i.EXTI0_IRQHandler  stm32f4xx_it.o
    0x08004176   0x0000000a   Code   RO         1440    i.EXTI3_IRQHandler  stm32f4xx_it.o
    0x08004180   0x0000000a   Code   RO         1441    i.EXTI4_IRQHandler  stm32f4xx_it.o
    0x0800418a   0x0000000a   Code   RO         1442    i.EXTI9_5_IRQHandler  stm32f4xx_it.o
    0x08004194   0x00000002   Code   RO           14    i.Error_Handler     main.o
    0x08004196   0x00000002   PAD
    0x08004198   0x00000050   Code   RO         6750    i.FLASH_Erase_Sector  stm32f4xx_hal_flash_ex.o
    0x080041e8   0x00000058   Code   RO         6751    i.FLASH_FlushCaches  stm32f4xx_hal_flash_ex.o
    0x08004240   0x00000028   Code   RO         6752    i.FLASH_MassErase   stm32f4xx_hal_flash_ex.o
    0x08004268   0x00000020   Code   RO         6632    i.FLASH_Program_Byte  stm32f4xx_hal_flash.o
    0x08004288   0x00000034   Code   RO         6633    i.FLASH_Program_DoubleWord  stm32f4xx_hal_flash.o
    0x080042bc   0x00000024   Code   RO         6634    i.FLASH_Program_HalfWord  stm32f4xx_hal_flash.o
    0x080042e0   0x00000024   Code   RO         6635    i.FLASH_Program_Word  stm32f4xx_hal_flash.o
    0x08004304   0x00000074   Code   RO         6636    i.FLASH_SetErrorCode  stm32f4xx_hal_flash.o
    0x08004378   0x00000060   Code   RO         6637    i.FLASH_WaitForLastOperation  stm32f4xx_hal_flash.o
    0x080043d8   0x00000008   Code   RO         5127    i.GetChassisData    chassis_task.o
    0x080043e0   0x00000020   Code   RO         3276    i.GetIMUData        vision.o
    0x08004400   0x00000068   Code   RO         3176    i.Get_SHOOT_RPM     shoot.o
    0x08004468   0x00000018   Code   RO         3348    i.Get_outpost       referee_lib.o
    0x08004480   0x00000174   Code   RO         7653    i.HAL_ADC_ConfigChannel  stm32f4xx_hal_adc.o
    0x080045f4   0x00000006   Code   RO         7660    i.HAL_ADC_GetValue  stm32f4xx_hal_adc.o
    0x080045fa   0x00000056   Code   RO         7662    i.HAL_ADC_Init      stm32f4xx_hal_adc.o
    0x08004650   0x000000ac   Code   RO          507    i.HAL_ADC_MspInit   adc.o
    0x080046fc   0x000000c6   Code   RO         7666    i.HAL_ADC_PollForConversion  stm32f4xx_hal_adc.o
    0x080047c2   0x00000002   PAD
    0x080047c4   0x00000128   Code   RO         7668    i.HAL_ADC_Start     stm32f4xx_hal_adc.o
    0x080048ec   0x00000024   Code   RO         7927    i.HAL_CAN_ActivateNotification  stm32f4xx_hal_can.o
    0x08004910   0x00000104   Code   RO         7928    i.HAL_CAN_AddTxMessage  stm32f4xx_hal_can.o
    0x08004a14   0x00000128   Code   RO         7929    i.HAL_CAN_ConfigFilter  stm32f4xx_hal_can.o
    0x08004b3c   0x00000002   Code   RO         7932    i.HAL_CAN_ErrorCallback  stm32f4xx_hal_can.o
    0x08004b3e   0x0000016c   Code   RO         7935    i.HAL_CAN_GetRxMessage  stm32f4xx_hal_can.o
    0x08004caa   0x00000234   Code   RO         7939    i.HAL_CAN_IRQHandler  stm32f4xx_hal_can.o
    0x08004ede   0x00000168   Code   RO         7940    i.HAL_CAN_Init      stm32f4xx_hal_can.o
    0x08005046   0x00000002   PAD
    0x08005048   0x00000160   Code   RO          555    i.HAL_CAN_MspInit   can.o
    0x080051a8   0x00000002   Code   RO         7947    i.HAL_CAN_RxFifo0FullCallback  stm32f4xx_hal_can.o
    0x080051aa   0x00000002   PAD
    0x080051ac   0x00000404   Code   RO         2745    i.HAL_CAN_RxFifo0MsgPendingCallback  can_receive.o
    0x080055b0   0x00000002   Code   RO         7949    i.HAL_CAN_RxFifo1FullCallback  stm32f4xx_hal_can.o
    0x080055b2   0x00000002   Code   RO         7950    i.HAL_CAN_RxFifo1MsgPendingCallback  stm32f4xx_hal_can.o
    0x080055b4   0x00000002   Code   RO         7951    i.HAL_CAN_SleepCallback  stm32f4xx_hal_can.o
    0x080055b6   0x00000064   Code   RO         7952    i.HAL_CAN_Start     stm32f4xx_hal_can.o
    0x0800561a   0x00000002   Code   RO         7954    i.HAL_CAN_TxMailbox0AbortCallback  stm32f4xx_hal_can.o
    0x0800561c   0x00000002   Code   RO         7955    i.HAL_CAN_TxMailbox0CompleteCallback  stm32f4xx_hal_can.o
    0x0800561e   0x00000002   Code   RO         7956    i.HAL_CAN_TxMailbox1AbortCallback  stm32f4xx_hal_can.o
    0x08005620   0x00000002   Code   RO         7957    i.HAL_CAN_TxMailbox1CompleteCallback  stm32f4xx_hal_can.o
    0x08005622   0x00000002   Code   RO         7958    i.HAL_CAN_TxMailbox2AbortCallback  stm32f4xx_hal_can.o
    0x08005624   0x00000002   Code   RO         7959    i.HAL_CAN_TxMailbox2CompleteCallback  stm32f4xx_hal_can.o
    0x08005626   0x00000002   Code   RO         7961    i.HAL_CAN_WakeUpFromRxMsgCallback  stm32f4xx_hal_can.o
    0x08005628   0x00000024   Code   RO         8164    i.HAL_CRC_Init      stm32f4xx_hal_crc.o
    0x0800564c   0x00000034   Code   RO          604    i.HAL_CRC_MspInit   crc.o
    0x08005680   0x000001ec   Code   RO         6988    i.HAL_DMA_IRQHandler  stm32f4xx_hal_dma.o
    0x0800586c   0x000000ec   Code   RO         6989    i.HAL_DMA_Init      stm32f4xx_hal_dma.o
    0x08005958   0x0000004a   Code   RO         6992    i.HAL_DMA_Start     stm32f4xx_hal_dma.o
    0x080059a2   0x00000002   PAD
    0x080059a4   0x000000ac   Code   RO         6762    i.HAL_FLASHEx_Erase  stm32f4xx_hal_flash_ex.o
    0x08005a50   0x00000014   Code   RO         6641    i.HAL_FLASH_Lock    stm32f4xx_hal_flash.o
    0x08005a64   0x00000080   Code   RO         6646    i.HAL_FLASH_Program  stm32f4xx_hal_flash.o
    0x08005ae4   0x00000034   Code   RO         6648    i.HAL_FLASH_Unlock  stm32f4xx_hal_flash.o
    0x08005b18   0x000000b8   Code   RO         5437    i.HAL_GPIO_EXTI_Callback  ins_task.o
    0x08005bd0   0x00000018   Code   RO         6875    i.HAL_GPIO_EXTI_IRQHandler  stm32f4xx_hal_gpio.o
    0x08005be8   0x00000210   Code   RO         6876    i.HAL_GPIO_Init     stm32f4xx_hal_gpio.o
    0x08005df8   0x0000000e   Code   RO         6880    i.HAL_GPIO_WritePin  stm32f4xx_hal_gpio.o
    0x08005e06   0x00000002   PAD
    0x08005e08   0x0000000c   Code   RO         7403    i.HAL_GetTick       stm32f4xx_hal.o
    0x08005e14   0x000001ac   Code   RO         8231    i.HAL_I2C_Init      stm32f4xx_hal_i2c.o
    0x08005fc0   0x00000160   Code   RO         8244    i.HAL_I2C_Master_Transmit  stm32f4xx_hal_i2c.o
    0x08006120   0x000002c0   Code   RO         8249    i.HAL_I2C_Mem_Read  stm32f4xx_hal_i2c.o
    0x080063e0   0x00000174   Code   RO         8252    i.HAL_I2C_Mem_Write  stm32f4xx_hal_i2c.o
    0x08006554   0x00000208   Code   RO          670    i.HAL_I2C_MspInit   i2c.o
    0x0800675c   0x00000010   Code   RO         7409    i.HAL_IncTick       stm32f4xx_hal.o
    0x0800676c   0x00000034   Code   RO         7410    i.HAL_Init          stm32f4xx_hal.o
    0x080067a0   0x00000044   Code   RO         7411    i.HAL_InitTick      stm32f4xx_hal.o
    0x080067e4   0x00000054   Code   RO         1567    i.HAL_MspInit       stm32f4xx_hal_msp.o
    0x08006838   0x0000001c   Code   RO         7265    i.HAL_NVIC_EnableIRQ  stm32f4xx_hal_cortex.o
    0x08006854   0x00000068   Code   RO         7271    i.HAL_NVIC_SetPriority  stm32f4xx_hal_cortex.o
    0x080068bc   0x00000024   Code   RO         7272    i.HAL_NVIC_SetPriorityGrouping  stm32f4xx_hal_cortex.o
    0x080068e0   0x00000002   Code   RO         6124    i.HAL_PCDEx_LPM_Callback  stm32f4xx_hal_pcd_ex.o
    0x080068e2   0x0000000e   Code   RO         1077    i.HAL_PCD_ConnectCallback  usbd_conf.o
    0x080068f0   0x00000020   Code   RO         1078    i.HAL_PCD_DataInStageCallback  usbd_conf.o
    0x08006910   0x00000020   Code   RO         1079    i.HAL_PCD_DataOutStageCallback  usbd_conf.o
    0x08006930   0x0000000e   Code   RO         1080    i.HAL_PCD_DisconnectCallback  usbd_conf.o
    0x0800693e   0x00000020   Code   RO         5889    i.HAL_PCD_EP_Abort  stm32f4xx_hal_pcd.o
    0x0800695e   0x0000005c   Code   RO         5891    i.HAL_PCD_EP_ClrStall  stm32f4xx_hal_pcd.o
    0x080069ba   0x0000005c   Code   RO         5894    i.HAL_PCD_EP_Open   stm32f4xx_hal_pcd.o
    0x08006a16   0x00000046   Code   RO         5895    i.HAL_PCD_EP_Receive  stm32f4xx_hal_pcd.o
    0x08006a5c   0x00000074   Code   RO         5896    i.HAL_PCD_EP_SetStall  stm32f4xx_hal_pcd.o
    0x08006ad0   0x00000046   Code   RO         5897    i.HAL_PCD_EP_Transmit  stm32f4xx_hal_pcd.o
    0x08006b16   0x00000564   Code   RO         5899    i.HAL_PCD_IRQHandler  stm32f4xx_hal_pcd.o
    0x0800707a   0x00000012   Code   RO         1081    i.HAL_PCD_ISOINIncompleteCallback  usbd_conf.o
    0x0800708c   0x00000012   Code   RO         1082    i.HAL_PCD_ISOOUTIncompleteCallback  usbd_conf.o
    0x0800709e   0x00000030   Code   RO         1085    i.HAL_PCD_ResetCallback  usbd_conf.o
    0x080070ce   0x0000000e   Code   RO         1086    i.HAL_PCD_ResumeCallback  usbd_conf.o
    0x080070dc   0x0000000e   Code   RO         1087    i.HAL_PCD_SOFCallback  usbd_conf.o
    0x080070ea   0x00000028   Code   RO         5908    i.HAL_PCD_SetAddress  stm32f4xx_hal_pcd.o
    0x08007112   0x00000012   Code   RO         1088    i.HAL_PCD_SetupStageCallback  usbd_conf.o
    0x08007124   0x00000034   Code   RO         1089    i.HAL_PCD_SuspendCallback  usbd_conf.o
    0x08007158   0x0000017c   Code   RO         6582    i.HAL_RCCEx_PeriphCLKConfig  stm32f4xx_hal_rcc_ex.o
    0x080072d4   0x0000017c   Code   RO         6477    i.HAL_RCC_ClockConfig  stm32f4xx_hal_rcc.o
    0x08007450   0x0000000c   Code   RO         6482    i.HAL_RCC_GetHCLKFreq  stm32f4xx_hal_rcc.o
    0x0800745c   0x00000020   Code   RO         6484    i.HAL_RCC_GetPCLK1Freq  stm32f4xx_hal_rcc.o
    0x0800747c   0x00000020   Code   RO         6485    i.HAL_RCC_GetPCLK2Freq  stm32f4xx_hal_rcc.o
    0x0800749c   0x00000070   Code   RO         6486    i.HAL_RCC_GetSysClockFreq  stm32f4xx_hal_rcc.o
    0x0800750c   0x00000482   Code   RO         6489    i.HAL_RCC_OscConfig  stm32f4xx_hal_rcc.o
    0x0800798e   0x00000034   Code   RO         8719    i.HAL_RNG_Init      stm32f4xx_hal_rng.o
    0x080079c2   0x00000002   PAD
    0x080079c4   0x00000034   Code   RO          724    i.HAL_RNG_MspInit   rng.o
    0x080079f8   0x00000094   Code   RO         8825    i.HAL_RTC_Init      stm32f4xx_hal_rtc.o
    0x08007a8c   0x00000040   Code   RO          766    i.HAL_RTC_MspInit   rtc.o
    0x08007acc   0x0000003c   Code   RO         8833    i.HAL_RTC_WaitForSynchro  stm32f4xx_hal_rtc.o
    0x08007b08   0x000000be   Code   RO         9225    i.HAL_SPI_Init      stm32f4xx_hal_spi.o
    0x08007bc6   0x00000002   PAD
    0x08007bc8   0x000001cc   Code   RO          808    i.HAL_SPI_MspInit   spi.o
    0x08007d94   0x000001f8   Code   RO         9234    i.HAL_SPI_TransmitReceive  stm32f4xx_hal_spi.o
    0x08007f8c   0x00000028   Code   RO         7276    i.HAL_SYSTICK_Config  stm32f4xx_hal_cortex.o
    0x08007fb4   0x00000002   Code   RO        10253    i.HAL_TIMEx_BreakCallback  stm32f4xx_hal_tim_ex.o
    0x08007fb6   0x00000002   Code   RO        10254    i.HAL_TIMEx_CommutCallback  stm32f4xx_hal_tim_ex.o
    0x08007fb8   0x00000066   Code   RO        10256    i.HAL_TIMEx_ConfigBreakDeadTime  stm32f4xx_hal_tim_ex.o
    0x0800801e   0x00000082   Code   RO        10272    i.HAL_TIMEx_MasterConfigSynchronization  stm32f4xx_hal_tim_ex.o
    0x080080a0   0x0000005c   Code   RO         9538    i.HAL_TIM_Base_Init  stm32f4xx_hal_tim.o
    0x080080fc   0x000001dc   Code   RO          856    i.HAL_TIM_Base_MspInit  tim.o
    0x080082d8   0x00000068   Code   RO         9541    i.HAL_TIM_Base_Start  stm32f4xx_hal_tim.o
    0x08008340   0x00000072   Code   RO         9543    i.HAL_TIM_Base_Start_IT  stm32f4xx_hal_tim.o
    0x080083b2   0x000000ea   Code   RO         9547    i.HAL_TIM_ConfigClockSource  stm32f4xx_hal_tim.o
    0x0800849c   0x00000002   Code   RO         9572    i.HAL_TIM_IC_CaptureCallback  stm32f4xx_hal_tim.o
    0x0800849e   0x00000174   Code   RO         9586    i.HAL_TIM_IRQHandler  stm32f4xx_hal_tim.o
    0x08008612   0x00000002   PAD
    0x08008614   0x000002c0   Code   RO          857    i.HAL_TIM_MspPostInit  tim.o
    0x080088d4   0x00000002   Code   RO         9589    i.HAL_TIM_OC_DelayElapsedCallback  stm32f4xx_hal_tim.o
    0x080088d6   0x000000d8   Code   RO         9610    i.HAL_TIM_PWM_ConfigChannel  stm32f4xx_hal_tim.o
    0x080089ae   0x0000005c   Code   RO         9613    i.HAL_TIM_PWM_Init  stm32f4xx_hal_tim.o
    0x08008a0a   0x00000002   Code   RO         9615    i.HAL_TIM_PWM_MspInit  stm32f4xx_hal_tim.o
    0x08008a0c   0x00000002   Code   RO         9616    i.HAL_TIM_PWM_PulseFinishedCallback  stm32f4xx_hal_tim.o
    0x08008a0e   0x00000002   PAD
    0x08008a10   0x000000cc   Code   RO         9618    i.HAL_TIM_PWM_Start  stm32f4xx_hal_tim.o
    0x08008adc   0x0000013c   Code   RO         2705    i.HAL_TIM_PeriodElapsedCallback  bsp_pid.o
    0x08008c18   0x00000002   Code   RO         9629    i.HAL_TIM_TriggerCallback  stm32f4xx_hal_tim.o
    0x08008c1a   0x00000064   Code   RO        10549    i.HAL_UART_Init     stm32f4xx_hal_uart.o
    0x08008c7e   0x00000002   PAD
    0x08008c80   0x00000344   Code   RO          976    i.HAL_UART_MspInit  usart.o
    0x08008fc4   0x000000ca   Code   RO        10557    i.HAL_UART_Transmit  stm32f4xx_hal_uart.o
    0x0800908e   0x00000004   Code   RO         1443    i.HardFault_Handler  stm32f4xx_it.o
    0x08009092   0x00000002   PAD
    0x08009094   0x00000068   Code   RO         3177    i.HeatLimitUpdate   shoot.o
    0x080090fc   0x00000020   Code   RO         2293    i.I2C2_DMA_transmit  bsp_i2c.o
    0x0800911c   0x000000c0   Code   RO         2294    i.I2C2_tx_DMA_enable  bsp_i2c.o
    0x080091dc   0x000000c0   Code   RO         2295    i.I2C2_tx_DMA_init  bsp_i2c.o
    0x0800929c   0x00000032   Code   RO         8274    i.I2C_IsAcknowledgeFailed  stm32f4xx_hal_i2c.o
    0x080092ce   0x00000002   PAD
    0x080092d0   0x000000b4   Code   RO         8278    i.I2C_MasterRequestWrite  stm32f4xx_hal_i2c.o
    0x08009384   0x00000154   Code   RO         8285    i.I2C_RequestMemoryRead  stm32f4xx_hal_i2c.o
    0x080094d8   0x000000d0   Code   RO         8286    i.I2C_RequestMemoryWrite  stm32f4xx_hal_i2c.o
    0x080095a8   0x000000fc   Code   RO         2296    i.I2C_TX_DMA_START  bsp_i2c.o
    0x080096a4   0x0000005c   Code   RO         8294    i.I2C_WaitOnBTFFlagUntilTimeout  stm32f4xx_hal_i2c.o
    0x08009700   0x000000b4   Code   RO         8295    i.I2C_WaitOnFlagUntilTimeout  stm32f4xx_hal_i2c.o
    0x080097b4   0x000000ce   Code   RO         8296    i.I2C_WaitOnMasterAddressFlagUntilTimeout  stm32f4xx_hal_i2c.o
    0x08009882   0x0000007c   Code   RO         8297    i.I2C_WaitOnRXNEFlagUntilTimeout  stm32f4xx_hal_i2c.o
    0x080098fe   0x0000005c   Code   RO         8300    i.I2C_WaitOnTXEFlagUntilTimeout  stm32f4xx_hal_i2c.o
    0x0800995a   0x00000002   PAD
    0x0800995c   0x0000000c   Code   RO         3349    i.ID1CoolingHeat    referee_lib.o
    0x08009968   0x0000000c   Code   RO         3350    i.ID1_cooling_limit  referee_lib.o
    0x08009974   0x0000000c   Code   RO         3352    i.ID1_speed_limit   referee_lib.o
    0x08009980   0x0000007c   Code   RO         5438    i.INS_cali_gyro     ins_task.o
    0x080099fc   0x00000048   Code   RO         5439    i.INS_set_cali_gyro  ins_task.o
    0x08009a44   0x0000034c   Code   RO         5440    i.INS_task          ins_task.o
    0x08009d90   0x00000144   Code   RO         3277    i.LanggoUartFrameIRQHandler  vision.o
    0x08009ed4   0x00000020   Code   RO         4950    i.Low_Pass_Filter_Init  filter.o
    0x08009ef4   0x00000042   Code   RO         4951    i.Low_Pass_Filter_OUT  filter.o
    0x08009f36   0x00000002   PAD
    0x08009f38   0x00000070   Code   RO          508    i.MX_ADC1_Init      adc.o
    0x08009fa8   0x00000070   Code   RO          509    i.MX_ADC3_Init      adc.o
    0x0800a018   0x00000044   Code   RO          556    i.MX_CAN1_Init      can.o
    0x0800a05c   0x00000044   Code   RO          557    i.MX_CAN2_Init      can.o
    0x0800a0a0   0x00000020   Code   RO          605    i.MX_CRC_Init       crc.o
    0x0800a0c0   0x000000c8   Code   RO          645    i.MX_DMA_Init       dma.o
    0x0800a188   0x00000140   Code   RO          447    i.MX_FREERTOS_Init  freertos.o
    0x0800a2c8   0x00000278   Code   RO          423    i.MX_GPIO_Init      gpio.o
    0x0800a540   0x0000003c   Code   RO          671    i.MX_I2C1_Init      i2c.o
    0x0800a57c   0x0000003c   Code   RO          672    i.MX_I2C2_Init      i2c.o
    0x0800a5b8   0x0000003c   Code   RO          673    i.MX_I2C3_Init      i2c.o
    0x0800a5f4   0x00000020   Code   RO          725    i.MX_RNG_Init       rng.o
    0x0800a614   0x00000034   Code   RO          767    i.MX_RTC_Init       rtc.o
    0x0800a648   0x00000048   Code   RO          809    i.MX_SPI1_Init      spi.o
    0x0800a690   0x00000048   Code   RO          810    i.MX_SPI2_Init      spi.o
    0x0800a6d8   0x0000006c   Code   RO          858    i.MX_TIM10_Init     tim.o
    0x0800a744   0x0000010c   Code   RO          860    i.MX_TIM1_Init      tim.o
    0x0800a850   0x0000006c   Code   RO          861    i.MX_TIM2_Init      tim.o
    0x0800a8bc   0x00000070   Code   RO          862    i.MX_TIM3_Init      tim.o
    0x0800a92c   0x000000a4   Code   RO          863    i.MX_TIM4_Init      tim.o
    0x0800a9d0   0x000000c4   Code   RO          864    i.MX_TIM5_Init      tim.o
    0x0800aa94   0x00000070   Code   RO          865    i.MX_TIM6_Init      tim.o
    0x0800ab04   0x000000ec   Code   RO          866    i.MX_TIM8_Init      tim.o
    0x0800abf0   0x0000003c   Code   RO          977    i.MX_USART1_UART_Init  usart.o
    0x0800ac2c   0x0000003c   Code   RO          978    i.MX_USART3_UART_Init  usart.o
    0x0800ac68   0x00000038   Code   RO          979    i.MX_USART6_UART_Init  usart.o
    0x0800aca0   0x00000040   Code   RO         2534    i.MY_UART_DMA_Init  bsp_usart.o
    0x0800ace0   0x00000066   Code   RO         2535    i.MY_UART_Receive_DMA  bsp_usart.o
    0x0800ad46   0x00000002   PAD
    0x0800ad48   0x00000168   Code   RO         2536    i.MY_UART_callback  bsp_usart.o
    0x0800aeb0   0x00000004   Code   RO         1444    i.MemManage_Handler  stm32f4xx_it.o
    0x0800aeb4   0x00000012   Code   RO         3357    i.MyColour          referee_lib.o
    0x0800aec6   0x00000002   Code   RO         1445    i.NMI_Handler       stm32f4xx_it.o
    0x0800aec8   0x0000001c   Code   RO         3573    i.OLED_LOGO         oled.o
    0x0800aee4   0x00000010   Code   RO         3574    i.OLED_check_ack    oled.o
    0x0800aef4   0x0000002c   Code   RO         3575    i.OLED_com_reset    oled.o
    0x0800af20   0x00000088   Code   RO         3579    i.OLED_draw_point   oled.o
    0x0800afa8   0x000000f8   Code   RO         3580    i.OLED_init         oled.o
    0x0800b0a0   0x00000054   Code   RO         3581    i.OLED_operate_gram  oled.o
    0x0800b0f4   0x00000040   Code   RO         3582    i.OLED_printf       oled.o
    0x0800b134   0x00000020   Code   RO         3583    i.OLED_refresh_gram  oled.o
    0x0800b154   0x00000040   Code   RO         3584    i.OLED_set_pos      oled.o
    0x0800b194   0x0000008c   Code   RO         3585    i.OLED_show_char    oled.o
    0x0800b220   0x0000008a   Code   RO         3586    i.OLED_show_graphic  oled.o
    0x0800b2aa   0x00000032   Code   RO         3587    i.OLED_show_string  oled.o
    0x0800b2dc   0x00000010   Code   RO         1446    i.OTG_FS_IRQHandler  stm32f4xx_it.o
    0x0800b2ec   0x00000048   Code   RO         5915    i.PCD_EP_OutSetupPacket_int  stm32f4xx_hal_pcd.o
    0x0800b334   0x000000e8   Code   RO         5916    i.PCD_EP_OutXfrComplete_int  stm32f4xx_hal_pcd.o
    0x0800b41c   0x000000a2   Code   RO         5917    i.PCD_WriteEmptyTxFifo  stm32f4xx_hal_pcd.o
    0x0800b4be   0x00000002   PAD
    0x0800b4c0   0x000001f0   Code   RO         4776    i.PID_calc          pid.o
    0x0800b6b0   0x0000004c   Code   RO         4777    i.PID_clear         pid.o
    0x0800b6fc   0x00000060   Code   RO         4778    i.PID_init          pid.o
    0x0800b75c   0x00000050   Code   RO         4825    i.PID_struct_init   my_pid.o
    0x0800b7ac   0x00000038   Code   RO         2746    i.PITCH_Transmit    can_receive.o
    0x0800b7e4   0x0000002c   Code   RO         1591    i.Provincial_Competition_mode  chassis_behaviour.o
    0x0800b810   0x0000009c   Code   RO         2425    i.RC_Init           bsp_rc.o
    0x0800b8ac   0x00000374   Code   RO         5001    i.RC_cmd_to_calibrate  calibrate_task.o
    0x0800bc20   0x00000050   Code   RO         2426    i.RC_restart        bsp_rc.o
    0x0800bc70   0x00000018   Code   RO         2427    i.RC_unable         bsp_rc.o
    0x0800bc88   0x00000048   Code   RO         8836    i.RTC_EnterInitMode  stm32f4xx_hal_rtc.o
    0x0800bcd0   0x0000002c   Code   RO         8837    i.RTC_ExitInitMode  stm32f4xx_hal_rtc.o
    0x0800bcfc   0x0000273c   Code   RO         2500    i.SPI1_DMA_enable   bsp_spi.o
    0x0800e438   0x00000180   Code   RO         2501    i.SPI1_DMA_init     bsp_spi.o
    0x0800e5b8   0x00000064   Code   RO         9263    i.SPI_EndRxTxTransaction  stm32f4xx_hal_spi.o
    0x0800e61c   0x000000d8   Code   RO         9268    i.SPI_WaitFlagStateUntilTimeout  stm32f4xx_hal_spi.o
    0x0800e6f4   0x00000014   Code   RO         1447    i.SysTick_Handler   stm32f4xx_it.o
    0x0800e708   0x000000b4   Code   RO           15    i.SystemClock_Config  main.o
    0x0800e7bc   0x00000064   Code   RO         1833    i.SystemInit        system_stm32f4xx.o
    0x0800e820   0x00000084   Code   RO         2706    i.SystemPIDInit     bsp_pid.o
    0x0800e8a4   0x00000010   Code   RO          868    i.TIM2_IRQHandler   tim.o
    0x0800e8b4   0x00000010   Code   RO          869    i.TIM3_IRQHandler   tim.o
    0x0800e8c4   0x00000010   Code   RO         1448    i.TIM6_DAC_IRQHandler  stm32f4xx_it.o
    0x0800e8d4   0x000000b8   Code   RO         9631    i.TIM_Base_SetConfig  stm32f4xx_hal_tim.o
    0x0800e98c   0x0000001e   Code   RO         9632    i.TIM_CCxChannelCmd  stm32f4xx_hal_tim.o
    0x0800e9aa   0x00000016   Code   RO         9642    i.TIM_ETR_SetConfig  stm32f4xx_hal_tim.o
    0x0800e9c0   0x00000010   Code   RO         9643    i.TIM_ITRx_SetConfig  stm32f4xx_hal_tim.o
    0x0800e9d0   0x00000070   Code   RO         9644    i.TIM_OC1_SetConfig  stm32f4xx_hal_tim.o
    0x0800ea40   0x00000078   Code   RO         9645    i.TIM_OC2_SetConfig  stm32f4xx_hal_tim.o
    0x0800eab8   0x00000078   Code   RO         9646    i.TIM_OC3_SetConfig  stm32f4xx_hal_tim.o
    0x0800eb30   0x00000054   Code   RO         9647    i.TIM_OC4_SetConfig  stm32f4xx_hal_tim.o
    0x0800eb84   0x00000026   Code   RO         9649    i.TIM_TI1_ConfigInputStage  stm32f4xx_hal_tim.o
    0x0800ebaa   0x00000024   Code   RO         9651    i.TIM_TI2_ConfigInputStage  stm32f4xx_hal_tim.o
    0x0800ebce   0x00000002   PAD
    0x0800ebd0   0x000000f8   Code   RO        10576    i.UART_SetConfig    stm32f4xx_hal_uart.o
    0x0800ecc8   0x0000008c   Code   RO        10580    i.UART_WaitOnFlagUntilTimeout  stm32f4xx_hal_uart.o
    0x0800ed54   0x00000010   Code   RO         3278    i.USART1_IRQHandler  vision.o
    0x0800ed64   0x00000140   Code   RO         3069    i.USART3_IRQHandler  remote_control.o
    0x0800eea4   0x00000128   Code   RO         5671    i.USART6_IRQHandler  referee_usart_task.o
    0x0800efcc   0x00000014   Code   RO        12412    i.USBD_ClrClassConfig  usbd_core.o
    0x0800efe0   0x00000026   Code   RO        12574    i.USBD_ClrFeature   usbd_ctlreq.o
    0x0800f006   0x00000004   Code   RO        12413    i.USBD_CoreFindEP   usbd_core.o
    0x0800f00a   0x00000004   Code   RO        12414    i.USBD_CoreFindIF   usbd_core.o
    0x0800f00e   0x00000010   Code   RO        12672    i.USBD_CtlContinueRx  usbd_ioreq.o
    0x0800f01e   0x00000010   Code   RO        12673    i.USBD_CtlContinueSendData  usbd_ioreq.o
    0x0800f02e   0x00000018   Code   RO        12575    i.USBD_CtlError     usbd_ctlreq.o
    0x0800f046   0x00000016   Code   RO        12675    i.USBD_CtlReceiveStatus  usbd_ioreq.o
    0x0800f05c   0x0000001a   Code   RO        12676    i.USBD_CtlSendData  usbd_ioreq.o
    0x0800f076   0x00000016   Code   RO        12677    i.USBD_CtlSendStatus  usbd_ioreq.o
    0x0800f08c   0x00000034   Code   RO        12576    i.USBD_GetConfig    usbd_ctlreq.o
    0x0800f0c0   0x000001b4   Code   RO        12577    i.USBD_GetDescriptor  usbd_ctlreq.o
    0x0800f274   0x00000036   Code   RO        12579    i.USBD_GetStatus    usbd_ctlreq.o
    0x0800f2aa   0x0000002c   Code   RO         1090    i.USBD_Get_USB_Status  usbd_conf.o
    0x0800f2d6   0x00000026   Code   RO         1091    i.USBD_LL_ClearStallEP  usbd_conf.o
    0x0800f2fc   0x000000dc   Code   RO        12419    i.USBD_LL_DataInStage  usbd_core.o
    0x0800f3d8   0x000000d0   Code   RO        12420    i.USBD_LL_DataOutStage  usbd_core.o
    0x0800f4a8   0x00000004   Code   RO        12421    i.USBD_LL_DevConnected  usbd_core.o
    0x0800f4ac   0x00000020   Code   RO        12422    i.USBD_LL_DevDisconnected  usbd_core.o
    0x0800f4cc   0x00000038   Code   RO         1098    i.USBD_LL_IsStallEP  usbd_conf.o
    0x0800f504   0x0000002a   Code   RO        12423    i.USBD_LL_IsoINIncomplete  usbd_core.o
    0x0800f52e   0x0000002a   Code   RO        12424    i.USBD_LL_IsoOUTIncomplete  usbd_core.o
    0x0800f558   0x00000030   Code   RO         1099    i.USBD_LL_OpenEP    usbd_conf.o
    0x0800f588   0x00000030   Code   RO         1100    i.USBD_LL_PrepareReceive  usbd_conf.o
    0x0800f5b8   0x00000060   Code   RO        12425    i.USBD_LL_Reset     usbd_core.o
    0x0800f618   0x00000014   Code   RO        12426    i.USBD_LL_Resume    usbd_core.o
    0x0800f62c   0x0000001a   Code   RO        12427    i.USBD_LL_SOF       usbd_core.o
    0x0800f646   0x00000006   Code   RO        12428    i.USBD_LL_SetSpeed  usbd_core.o
    0x0800f64c   0x00000026   Code   RO         1101    i.USBD_LL_SetUSBAddress  usbd_conf.o
    0x0800f672   0x00000064   Code   RO        12429    i.USBD_LL_SetupStage  usbd_core.o
    0x0800f6d6   0x00000026   Code   RO         1102    i.USBD_LL_StallEP   usbd_conf.o
    0x0800f6fc   0x00000012   Code   RO        12430    i.USBD_LL_Suspend   usbd_core.o
    0x0800f70e   0x00000030   Code   RO         1105    i.USBD_LL_Transmit  usbd_conf.o
    0x0800f73e   0x00000032   Code   RO        12581    i.USBD_ParseSetupRequest  usbd_ctlreq.o
    0x0800f770   0x00000004   Code   RO        12432    i.USBD_RunTestMode  usbd_core.o
    0x0800f774   0x00000058   Code   RO        12582    i.USBD_SetAddress   usbd_ctlreq.o
    0x0800f7cc   0x00000014   Code   RO        12433    i.USBD_SetClassConfig  usbd_core.o
    0x0800f7e0   0x000000dc   Code   RO        12583    i.USBD_SetConfig    usbd_ctlreq.o
    0x0800f8bc   0x00000024   Code   RO        12584    i.USBD_SetFeature   usbd_ctlreq.o
    0x0800f8e0   0x00000076   Code   RO        12585    i.USBD_StdDevReq    usbd_ctlreq.o
    0x0800f956   0x0000022e   Code   RO        12586    i.USBD_StdEPReq     usbd_ctlreq.o
    0x0800fb84   0x0000008a   Code   RO        12587    i.USBD_StdItfReq    usbd_ctlreq.o
    0x0800fc0e   0x00000002   PAD
    0x0800fc10   0x0000009c   Code   RO         6166    i.USB_ActivateEndpoint  stm32f4xx_ll_usb.o
    0x0800fcac   0x0000001c   Code   RO         6168    i.USB_ActivateSetup  stm32f4xx_ll_usb.o
    0x0800fcc8   0x0000012e   Code   RO         6181    i.USB_EP0StartXfer  stm32f4xx_ll_usb.o
    0x0800fdf6   0x00000002   PAD
    0x0800fdf8   0x00000060   Code   RO         6182    i.USB_EP0_OutStart  stm32f4xx_ll_usb.o
    0x0800fe58   0x00000058   Code   RO         6183    i.USB_EPClearStall  stm32f4xx_ll_usb.o
    0x0800feb0   0x0000005e   Code   RO         6184    i.USB_EPSetStall    stm32f4xx_ll_usb.o
    0x0800ff0e   0x0000022c   Code   RO         6185    i.USB_EPStartXfer   stm32f4xx_ll_usb.o
    0x0801013a   0x000000b4   Code   RO         6186    i.USB_EPStopXfer    stm32f4xx_ll_usb.o
    0x080101ee   0x00000002   PAD
    0x080101f0   0x00000058   Code   RO         6189    i.USB_FlushTxFifo   stm32f4xx_ll_usb.o
    0x08010248   0x00000020   Code   RO         6191    i.USB_GetDevSpeed   stm32f4xx_ll_usb.o
    0x08010268   0x00000008   Code   RO         6193    i.USB_GetMode       stm32f4xx_ll_usb.o
    0x08010270   0x0000000e   Code   RO         6200    i.USB_ReadDevAllInEpInterrupt  stm32f4xx_ll_usb.o
    0x0801027e   0x0000000e   Code   RO         6201    i.USB_ReadDevAllOutEpInterrupt  stm32f4xx_ll_usb.o
    0x0801028c   0x00000024   Code   RO         6202    i.USB_ReadDevInEPInterrupt  stm32f4xx_ll_usb.o
    0x080102b0   0x00000010   Code   RO         6203    i.USB_ReadDevOutEPInterrupt  stm32f4xx_ll_usb.o
    0x080102c0   0x00000008   Code   RO         6204    i.USB_ReadInterrupts  stm32f4xx_ll_usb.o
    0x080102c8   0x00000048   Code   RO         6205    i.USB_ReadPacket    stm32f4xx_ll_usb.o
    0x08010310   0x00000022   Code   RO         6208    i.USB_SetDevAddress  stm32f4xx_ll_usb.o
    0x08010332   0x00000002   PAD
    0x08010334   0x000000f4   Code   RO         6210    i.USB_SetTurnaroundTime  stm32f4xx_ll_usb.o
    0x08010428   0x00000034   Code   RO         6213    i.USB_WritePacket   stm32f4xx_ll_usb.o
    0x0801045c   0x00000004   Code   RO         1449    i.UsageFault_Handler  stm32f4xx_it.o
    0x08010460   0x00000014   Code   RO         3070    i.UseVision         remote_control.o
    0x08010474   0x00000032   Code   RO         4244    i.VAL_LIMIT         user_lib.o
    0x080104a6   0x00000002   PAD
    0x080104a8   0x000000a4   Code   RO         5831    i.VisionPIDInit     vision_task.o
    0x0801054c   0x00000002   Code   RO         3279    i.Vision_Kalman_Init  vision.o
    0x0801054e   0x00000002   PAD
    0x08010550   0x000000c4   Code   RO         5832    i.Vision_task       vision_task.o
    0x08010614   0x00000030   Code   RO        13655    i.__ARM_fpclassify  m_wm.l(fpclassify.o)
    0x08010644   0x00000026   Code   RO        13657    i.__ARM_fpclassifyf  m_wm.l(fpclassifyf.o)
    0x0801066a   0x00000006   Code   RO         4494    i.__get_PRIMASK     fifo.o
    0x08010670   0x0000012c   Code   RO        13356    i.__hardfp_asinf    m_wm.l(asinf.o)
    0x0801079c   0x00000250   Code   RO        13368    i.__hardfp_atan2f   m_wm.l(atan2f.o)
    0x080109ec   0x00000014   Code   RO        13380    i.__hardfp_fabs     m_wm.l(fabs.o)
    0x08010a00   0x0000003a   Code   RO        13418    i.__hardfp_sqrtf    m_wm.l(sqrtf_full.o)
    0x08010a3a   0x00000006   Code   RO        13660    i.__mathlib_flt_infnan  m_wm.l(funder.o)
    0x08010a40   0x00000006   Code   RO        13661    i.__mathlib_flt_infnan2  m_wm.l(funder.o)
    0x08010a46   0x00000002   PAD
    0x08010a48   0x00000010   Code   RO        13662    i.__mathlib_flt_invalid  m_wm.l(funder.o)
    0x08010a58   0x00000010   Code   RO        13665    i.__mathlib_flt_underflow  m_wm.l(funder.o)
    0x08010a68   0x00000006   Code   RO         4495    i.__set_PRIMASK     fifo.o
    0x08010a6e   0x0000000e   Code   RO        13528    i._is_digit         c_w.l(__printf_wp.o)
    0x08010a7c   0x00000068   Code   RO         2396    i.aRGB_led_show     bsp_led.o
    0x08010ae4   0x00000030   Code   RO         4245    i.abs_limit         user_lib.o
    0x08010b14   0x000001d0   Code   RO        12838    i.accel_comple_filter  AHRS.lib(ahrs.o)
    0x08010ce4   0x0000018c   Code   RO        12839    i.accel_update_kp_ki  AHRS.lib(ahrs.o)
    0x08010e70   0x0000003c   Code   RO         1869    i.adcx_get_chx_value  bsp_adc.o
    0x08010eac   0x0000016c   Code   RO        12840    i.angle_to_quat     AHRS.lib(ahrs.o)
    0x08011018   0x00000044   Code   RO         5792    i.battery_voltage_task  voltage_task.o
    0x0801105c   0x00000134   Code   RO         3715    i.bmi088_accel_init  bmi088driver.o
    0x08011190   0x000002fc   Code   RO         3716    i.bmi088_accel_self_test  bmi088driver.o
    0x0801148c   0x000000f4   Code   RO         3717    i.bmi088_gyro_init  bmi088driver.o
    0x08011580   0x000000d0   Code   RO         3718    i.bmi088_gyro_self_test  bmi088driver.o
    0x08011650   0x0000013c   Code   RO         2297    i.bsp_I2C_check_ack  bsp_i2c.o
    0x0801178c   0x0000004c   Code   RO         2298    i.bsp_I2C_master_transmit  bsp_i2c.o
    0x080117d8   0x0000004c   Code   RO         2299    i.bsp_I2C_reset     bsp_i2c.o
    0x08011824   0x00000010   Code   RO         2023    i.buzzer_off        bsp_buzzer.o
    0x08011834   0x00000014   Code   RO         2024    i.buzzer_on         bsp_buzzer.o
    0x08011848   0x000000e8   Code   RO         5793    i.calc_battery_percentage  voltage_task.o
    0x08011930   0x00000194   Code   RO         5267    i.calc_gimbal_cali  gimbal_task.o
    0x08011ac4   0x000000ec   Code   RO         5002    i.cali_data_read    calibrate_task.o
    0x08011bb0   0x0000008c   Code   RO         5003    i.cali_data_write   calibrate_task.o
    0x08011c3c   0x00000066   Code   RO         5004    i.cali_gimbal_hook  calibrate_task.o
    0x08011ca2   0x00000002   PAD
    0x08011ca4   0x00000064   Code   RO         5005    i.cali_gyro_hook    calibrate_task.o
    0x08011d08   0x00000046   Code   RO         5006    i.cali_head_hook    calibrate_task.o
    0x08011d4e   0x00000002   PAD
    0x08011d50   0x000000b8   Code   RO         5007    i.cali_param_init   calibrate_task.o
    0x08011e08   0x00000148   Code   RO         5008    i.calibrate_task    calibrate_task.o
    0x08011f50   0x0000005c   Code   RO         2057    i.can_filter_init   bsp_can.o
    0x08011fac   0x000000b8   Code   RO         1592    i.chassis_behaviour_control_set  chassis_behaviour.o
    0x08012064   0x00000128   Code   RO         1593    i.chassis_behaviour_mode_set  chassis_behaviour.o
    0x0801218c   0x00000060   Code   RO         1594    i.chassis_engineer_follow_chassis_yaw_control  chassis_behaviour.o
    0x080121ec   0x00000178   Code   RO         5130    i.chassis_feedback_update  chassis_task.o
    0x08012364   0x00000034   Code   RO         1595    i.chassis_infantry_follow_gimbal_yaw_control  chassis_behaviour.o
    0x08012398   0x00000070   Code   RO         5131    i.chassis_init      chassis_task.o
    0x08012408   0x000008ec   Code   RO         5132    i.chassis_jude_mode  chassis_task.o
    0x08012cf4   0x0000006c   Code   RO         5133    i.chassis_mode_change_control_transit  chassis_task.o
    0x08012d60   0x000000cc   Code   RO         1596    i.chassis_no_follow_yaw_control  chassis_behaviour.o
    0x08012e2c   0x0000002c   Code   RO         1597    i.chassis_no_move_control  chassis_behaviour.o
    0x08012e58   0x0000005c   Code   RO         1598    i.chassis_open_set_control  chassis_behaviour.o
    0x08012eb4   0x00000154   Code   RO         5135    i.chassis_rc_to_control_vector  chassis_task.o
    0x08013008   0x0000028c   Code   RO         5136    i.chassis_set_contorl  chassis_task.o
    0x08013294   0x00000012   Code   RO         5137    i.chassis_set_mode  chassis_task.o
    0x080132a6   0x00000002   PAD
    0x080132a8   0x00000048   Code   RO         5138    i.chassis_task      chassis_task.o
    0x080132f0   0x00000054   Code   RO         5139    i.chassis_vector_to_mecanum_wheel_speed  chassis_task.o
    0x08013344   0x0000002c   Code   RO         1599    i.chassis_zero_force_control  chassis_behaviour.o
    0x08013370   0x00000118   Code   RO         5268    i.cmd_cali_gimbal_hook  gimbal_task.o
    0x08013488   0x00000030   Code   RO         2126    i.delay_init        bsp_delay.o
    0x080134b8   0x00000050   Code   RO         2128    i.delay_us          bsp_delay.o
    0x08013508   0x00000124   Code   RO         5224    i.detect_hook       detect_task.o
    0x0801362c   0x00000184   Code   RO         5225    i.detect_init       detect_task.o
    0x080137b0   0x00000288   Code   RO         5226    i.detect_task       detect_task.o
    0x08013a38   0x0000003a   Code   RO         4513    i.fifo_s_get        fifo.o
    0x08013a72   0x00000016   Code   RO         4516    i.fifo_s_init       fifo.o
    0x08013a88   0x000000a0   Code   RO         4522    i.fifo_s_puts       fifo.o
    0x08013b28   0x00000006   Code   RO         4524    i.fifo_s_used       fifo.o
    0x08013b2e   0x00000054   Code   RO         4248    i.first_order_filter_cali  user_lib.o
    0x08013b82   0x00000002   PAD
    0x08013b84   0x00000024   Code   RO         4249    i.first_order_filter_init  user_lib.o
    0x08013ba8   0x0000002e   Code   RO         2167    i.flash_erase_address  bsp_flash.o
    0x08013bd6   0x00000014   Code   RO         2168    i.flash_read        bsp_flash.o
    0x08013bea   0x00000002   PAD
    0x08013bec   0x00000098   Code   RO         2170    i.flash_write_single_address  bsp_flash.o
    0x08013c84   0x00000018   Code   RO         2226    i.fric_off          bsp_fric.o
    0x08013c9c   0x000000f4   Code   RO         2171    i.ger_sector        bsp_flash.o
    0x08013d90   0x00000034   Code   RO         4435    i.get_CRC16_check_sum  crc8_crc16.o
    0x08013dc4   0x00000024   Code   RO         4436    i.get_CRC8_check_sum  crc8_crc16.o
    0x08013de8   0x00000008   Code   RO         5442    i.get_INS_angle_point  ins_task.o
    0x08013df0   0x000000e8   Code   RO        12841    i.get_angle         AHRS.lib(ahrs.o)
    0x08013ed8   0x00000024   Code   RO         5794    i.get_battery_percentage  voltage_task.o
    0x08013efc   0x00000048   Code   RO         1870    i.get_battery_voltage  bsp_adc.o
    0x08013f44   0x00000018   Code   RO         2747    i.get_chassis_motor_measure_point  can_receive.o
    0x08013f5c   0x00000030   Code   RO         3358    i.get_chassis_power_and_buffer  referee_lib.o
    0x08013f8c   0x0000000c   Code   RO         5009    i.get_control_temperature  calibrate_task.o
    0x08013f98   0x00000008   Code   RO         5227    i.get_error_list_point  detect_task.o
    0x08013fa0   0x00000008   Code   RO         5269    i.get_gimlal_data   gimbal_task.o
    0x08013fa8   0x00000008   Code   RO         5445    i.get_gyro_data_point  ins_task.o
    0x08013fb0   0x000000e8   Code   RO         2172    i.get_next_flash_address  bsp_flash.o
    0x08014098   0x00000008   Code   RO         2748    i.get_pitch_gimbal_motor_measure_point  can_receive.o
    0x080140a0   0x00000008   Code   RO         5270    i.get_pitch_motor_point  gimbal_task.o
    0x080140a8   0x00000008   Code   RO         3071    i.get_remote_control_point  remote_control.o
    0x080140b0   0x0000000c   Code   RO         3360    i.get_robot_id      referee_lib.o
    0x080140bc   0x00000008   Code   RO         2751    i.get_shoot_trigger_measure_point  can_receive.o
    0x080140c4   0x0000005c   Code   RO         1872    i.get_temprate      bsp_adc.o
    0x08014120   0x00000008   Code   RO         2752    i.get_yaw_gimbal_motor_measure_point  can_receive.o
    0x08014128   0x00000008   Code   RO         5271    i.get_yaw_motor_point  gimbal_task.o
    0x08014130   0x000000bc   Code   RO         5272    i.gimbal_PID_calc   gimbal_task.o
    0x080141ec   0x00000030   Code   RO         5273    i.gimbal_PID_clear  gimbal_task.o
    0x0801421c   0x00000030   Code   RO         5274    i.gimbal_PID_init   gimbal_task.o
    0x0801424c   0x00000080   Code   RO         5275    i.gimbal_absolute_PITCH_angle_limit  gimbal_task.o
    0x080142cc   0x0000004c   Code   RO         5277    i.gimbal_absolute_YAW_angle_limit  gimbal_task.o
    0x08014318   0x0000020c   Code   RO         2913    i.gimbal_absolute_angle_control  gimbal_behaviour.o
    0x08014524   0x000000c8   Code   RO         2914    i.gimbal_auto_angle_control  gimbal_behaviour.o
    0x080145ec   0x00000160   Code   RO         2915    i.gimbal_behaviour_control_set  gimbal_behaviour.o
    0x0801474c   0x000000b8   Code   RO         2916    i.gimbal_behaviour_mode_set  gimbal_behaviour.o
    0x08014804   0x000001cc   Code   RO         2917    i.gimbal_behavour_set  gimbal_behaviour.o
    0x080149d0   0x000001d0   Code   RO         2918    i.gimbal_cali_control  gimbal_behaviour.o
    0x08014ba0   0x0000002c   Code   RO         2919    i.gimbal_cmd_to_chassis_stop  gimbal_behaviour.o
    0x08014bcc   0x00000094   Code   RO         5278    i.gimbal_control_loop  gimbal_task.o
    0x08014c60   0x00000088   Code   RO         5279    i.gimbal_feedback_update  gimbal_task.o
    0x08014ce8   0x00000154   Code   RO         5280    i.gimbal_init       gimbal_task.o
    0x08014e3c   0x000000c4   Code   RO         2921    i.gimbal_init_control  gimbal_behaviour.o
    0x08014f00   0x000000f4   Code   RO         5281    i.gimbal_mode_change_control_transit  gimbal_task.o
    0x08014ff4   0x00000020   Code   RO         2922    i.gimbal_motionless_control  gimbal_behaviour.o
    0x08015014   0x0000001a   Code   RO         5282    i.gimbal_motor_Vision_angle_control  gimbal_task.o
    0x0801502e   0x0000005c   Code   RO         5283    i.gimbal_motor_absolute_angle_control  gimbal_task.o
    0x0801508a   0x00000022   Code   RO         5284    i.gimbal_motor_raw_angle_control  gimbal_task.o
    0x080150ac   0x0000005e   Code   RO         5285    i.gimbal_motor_relative_angle_control  gimbal_task.o
    0x0801510a   0x0000004a   Code   RO         5286    i.gimbal_relative_PITCH_angle_limit  gimbal_task.o
    0x08015154   0x00000014   Code   RO         5287    i.gimbal_relative_YAW_angle_limit  gimbal_task.o
    0x08015168   0x000000d4   Code   RO         2923    i.gimbal_relative_angle_control  gimbal_behaviour.o
    0x0801523c   0x000000cc   Code   RO         5288    i.gimbal_set_control  gimbal_task.o
    0x08015308   0x00000012   Code   RO         5289    i.gimbal_set_mode   gimbal_task.o
    0x0801531a   0x00000002   PAD
    0x0801531c   0x00000088   Code   RO         5290    i.gimbal_task       gimbal_task.o
    0x080153a4   0x0000000c   Code   RO         2924    i.gimbal_vision_control  gimbal_behaviour.o
    0x080153b0   0x00000020   Code   RO         2925    i.gimbal_zero_force_control  gimbal_behaviour.o
    0x080153d0   0x00000054   Code   RO         5447    i.gyro_offset_calc  ins_task.o
    0x08015424   0x0000012c   Code   RO         5448    i.imu_cali_slove    ins_task.o
    0x08015550   0x000001a8   Code   RO         5449    i.imu_cmd_spi_dma   ins_task.o
    0x080156f8   0x0000000c   Code   RO         2264    i.imu_pwm_set       bsp_imu_pwm.o
    0x08015704   0x000000b8   Code   RO         5450    i.imu_temp_control  ins_task.o
    0x080157bc   0x000000c8   Code   RO         3024    i.init_referee_struct_data  referee.o
    0x08015884   0x00000040   Code   RO         1873    i.init_vrefint_reciprocal  bsp_adc.o
    0x080158c4   0x00000002   Code   RO         3970    i.ist8310_GPIO_init  ist8310driver_middleware.o
    0x080158c6   0x00000002   PAD
    0x080158c8   0x00000028   Code   RO         3972    i.ist8310_IIC_read_single_reg  ist8310driver_middleware.o
    0x080158f0   0x00000028   Code   RO         3974    i.ist8310_IIC_write_single_reg  ist8310driver_middleware.o
    0x08015918   0x00000014   Code   RO         3975    i.ist8310_RST_H     ist8310driver_middleware.o
    0x0801592c   0x00000014   Code   RO         3976    i.ist8310_RST_L     ist8310driver_middleware.o
    0x08015940   0x00000002   Code   RO         3977    i.ist8310_com_init  ist8310driver_middleware.o
    0x08015942   0x0000000c   Code   RO         3978    i.ist8310_delay_ms  ist8310driver_middleware.o
    0x0801594e   0x00000002   PAD
    0x08015950   0x00000094   Code   RO         3935    i.ist8310_init      ist8310driver.o
    0x080159e4   0x00000010   Code   RO         2362    i.laser_off         bsp_laser.o
    0x080159f4   0x00000010   Code   RO         2363    i.laser_on          bsp_laser.o
    0x08015a04   0x000001b0   Code   RO         5598    i.led_RGB_flow_task  led_flow_task.o
    0x08015bb4   0x00000060   Code   RO         4255    i.loop_fp32_constrain  user_lib.o
    0x08015c14   0x000000cc   Code   RO           16    i.main              main.o
    0x08015ce0   0x0000000c   Code   RO        11898    i.makeFreeRtosPriority  cmsis_os.o
    0x08015cec   0x00000034   Code   RO         5291    i.motor_ecd_to_angle_change  gimbal_task.o
    0x08015d20   0x00000214   Code   RO         5631    i.oled_task         oled_task.o
    0x08015f34   0x00000030   Code   RO         3588    i.oled_write_byte   oled.o
    0x08015f64   0x00000010   Code   RO        11900    i.osDelay           cmsis_os.o
    0x08015f74   0x0000000a   Code   RO        11903    i.osKernelStart     cmsis_os.o
    0x08015f7e   0x0000005c   Code   RO        11937    i.osThreadCreate    cmsis_os.o
    0x08015fda   0x00000002   PAD
    0x08015fdc   0x00000024   Code   RO        11365    i.pcTaskGetName     tasks.o
    0x08016000   0x0000021c   Code   RO         4831    i.pid_calc_old      my_pid.o
    0x0801621c   0x00000014   Code   RO         4832    i.pid_param_init    my_pid.o
    0x08016230   0x0000000e   Code   RO         4833    i.pid_reset         my_pid.o
    0x0801623e   0x00000002   PAD
    0x08016240   0x00000080   Code   RO        11366    i.prvAddCurrentTaskToDelayedList  tasks.o
    0x080162c0   0x00000088   Code   RO        11367    i.prvAddNewTaskToReadyList  tasks.o
    0x08016348   0x0000005c   Code   RO        11730    i.prvCheckForValidListAndQueue  timers.o
    0x080163a4   0x00000040   Code   RO        11368    i.prvCheckTasksWaitingTermination  tasks.o
    0x080163e4   0x00000024   Code   RO        11022    i.prvCopyDataFromQueue  queue.o
    0x08016408   0x0000006e   Code   RO        11023    i.prvCopyDataToQueue  queue.o
    0x08016476   0x00000040   Code   RO        11369    i.prvDeleteTCB      tasks.o
    0x080164b6   0x00000002   PAD
    0x080164b8   0x00000024   Code   RO        11731    i.prvGetNextExpireTime  timers.o
    0x080164dc   0x00000050   Code   RO        12277    i.prvHeapInit       heap_4.o
    0x0801652c   0x00000028   Code   RO        11370    i.prvIdleTask       tasks.o
    0x08016554   0x00000018   Code   RO        11026    i.prvInitialiseNewQueue  queue.o
    0x0801656c   0x00000098   Code   RO        11371    i.prvInitialiseNewTask  tasks.o
    0x08016604   0x00000060   Code   RO        11372    i.prvInitialiseTaskLists  tasks.o
    0x08016664   0x0000005c   Code   RO        12278    i.prvInsertBlockIntoFreeList  heap_4.o
    0x080166c0   0x00000048   Code   RO        11733    i.prvInsertTimerInActiveList  timers.o
    0x08016708   0x0000001a   Code   RO        11027    i.prvIsQueueEmpty   queue.o
    0x08016722   0x0000001e   Code   RO        11028    i.prvIsQueueFull    queue.o
    0x08016740   0x00000068   Code   RO        11734    i.prvProcessExpiredTimer  timers.o
    0x080167a8   0x00000110   Code   RO        11735    i.prvProcessReceivedCommands  timers.o
    0x080168b8   0x0000006c   Code   RO        11736    i.prvProcessTimerOrBlockTask  timers.o
    0x08016924   0x00000024   Code   RO        11373    i.prvResetNextTaskUnblockTime  tasks.o
    0x08016948   0x0000002c   Code   RO        11737    i.prvSampleTimeNow  timers.o
    0x08016974   0x0000006e   Code   RO        11374    i.prvSearchForNameWithinSingleList  tasks.o
    0x080169e2   0x00000002   PAD
    0x080169e4   0x00000078   Code   RO        11738    i.prvSwitchTimerLists  timers.o
    0x08016a5c   0x00000018   Code   RO        11375    i.prvTaskCheckFreeStackSpace  tasks.o
    0x08016a74   0x00000030   Code   RO        12333    i.prvTaskExitError  port.o
    0x08016aa4   0x00000014   Code   RO        11739    i.prvTimerTask      timers.o
    0x08016ab8   0x00000068   Code   RO        11029    i.prvUnlockQueue    queue.o
    0x08016b20   0x000000e8   Code   RO        12279    i.pvPortMalloc      heap_4.o
    0x08016c08   0x0000002c   Code   RO        12334    i.pxPortInitialiseStack  port.o
    0x08016c34   0x00000084   Code   RO        12846    i.quat_normalization  AHRS.lib(ahrs.o)
    0x08016cb8   0x0000005a   Code   RO         4256    i.ramp_calc         user_lib.o
    0x08016d12   0x0000005a   Code   RO         4257    i.ramp_calc_min     user_lib.o
    0x08016d6c   0x0000002c   Code   RO         4258    i.ramp_init         user_lib.o
    0x08016d98   0x000001a4   Code   RO         3025    i.referee_data_solve  referee.o
    0x08016f3c   0x0000014c   Code   RO         5672    i.referee_unpack_fifo_data  referee_usart_task.o
    0x08017088   0x00000038   Code   RO         5673    i.referee_usart_task  referee_usart_task.o
    0x080170c0   0x00000014   Code   RO         3072    i.remote_control_init  remote_control.o
    0x080170d4   0x000000da   Code   RO         3073    i.sbus_to_rc        remote_control.o
    0x080171ae   0x00000002   PAD
    0x080171b0   0x00000058   Code   RO         3074    i.sbus_to_usart1    remote_control.o
    0x08017208   0x00000020   Code   RO         5292    i.set_cali_gimbal_hook  gimbal_task.o
    0x08017228   0x00000274   Code   RO         3178    i.shoot_control_loop  shoot.o
    0x0801749c   0x00000018   Code   RO         3179    i.shoot_feedback_update  shoot.o
    0x080174b4   0x00000134   Code   RO         3180    i.shoot_init        shoot.o
    0x080175e8   0x00000168   Code   RO         3181    i.shoot_set_mode    shoot.o
    0x08017750   0x0000003e   Code   RO        13420    i.sqrtf             m_wm.l(sqrtf_full.o)
    0x0801778e   0x0000000a   Code   RO         5758    i.test_task         test_task.o
    0x08017798   0x00000018   Code   RO         5228    i.toe_is_error      detect_task.o
    0x080177b0   0x00000094   Code   RO         3182    i.trigger_motor_turn_back  shoot.o
    0x08017844   0x00000068   Code   RO        11378    i.ulTaskNotifyTake  tasks.o
    0x080178ac   0x0000007a   Code   RO        12847    i.update_w          AHRS.lib(ahrs.o)
    0x08017926   0x00000002   PAD
    0x08017928   0x000000a8   Code   RO         2537    i.usart1_tx_dma_enable  bsp_usart.o
    0x080179d0   0x00000074   Code   RO         2538    i.usart1_tx_dma_init  bsp_usart.o
    0x08017a44   0x00000138   Code   RO         2539    i.usart6_init       bsp_usart.o
    0x08017b7c   0x00000026   Code   RO        10982    i.uxListRemove      list.o
    0x08017ba2   0x00000002   PAD
    0x08017ba4   0x00000014   Code   RO        11381    i.uxTaskGetStackHighWaterMark  tasks.o
    0x08017bb8   0x00000018   Code   RO          449    i.vApplicationGetIdleTaskMemory  freertos.o
    0x08017bd0   0x00000018   Code   RO          450    i.vApplicationGetTimerTaskMemory  freertos.o
    0x08017be8   0x00000016   Code   RO        10983    i.vListInitialise   list.o
    0x08017bfe   0x00000006   Code   RO        10984    i.vListInitialiseItem  list.o
    0x08017c04   0x00000036   Code   RO        10985    i.vListInsert       list.o
    0x08017c3a   0x00000018   Code   RO        10986    i.vListInsertEnd    list.o
    0x08017c52   0x00000002   PAD
    0x08017c54   0x00000040   Code   RO        12336    i.vPortEnterCritical  port.o
    0x08017c94   0x0000002c   Code   RO        12337    i.vPortExitCritical  port.o
    0x08017cc0   0x00000064   Code   RO        12280    i.vPortFree         heap_4.o
    0x08017d24   0x00000024   Code   RO        12338    i.vPortSetupTimerInterrupt  port.o
    0x08017d48   0x00000054   Code   RO        12339    i.vPortValidateInterruptPriority  port.o
    0x08017d9c   0x00000028   Code   RO        11033    i.vQueueAddToRegistry  queue.o
    0x08017dc4   0x0000004a   Code   RO        11036    i.vQueueWaitForMessageRestricted  queue.o
    0x08017e0e   0x00000002   PAD
    0x08017e10   0x00000050   Code   RO        11385    i.vTaskDelay        tasks.o
    0x08017e60   0x00000010   Code   RO        11389    i.vTaskInternalSetTimeOutState  tasks.o
    0x08017e70   0x0000000c   Code   RO        11390    i.vTaskMissedYield  tasks.o
    0x08017e7c   0x000000bc   Code   RO        11391    i.vTaskNotifyGiveFromISR  tasks.o
    0x08017f38   0x00000034   Code   RO        11392    i.vTaskPlaceOnEventList  tasks.o
    0x08017f6c   0x0000003c   Code   RO        11393    i.vTaskPlaceOnEventListRestricted  tasks.o
    0x08017fa8   0x00000090   Code   RO        11400    i.vTaskStartScheduler  tasks.o
    0x08018038   0x00000010   Code   RO        11402    i.vTaskSuspendAll   tasks.o
    0x08018048   0x00000060   Code   RO        11403    i.vTaskSwitchContext  tasks.o
    0x080180a8   0x00000040   Code   RO         4437    i.verify_CRC16_check_sum  crc8_crc16.o
    0x080180e8   0x0000002e   Code   RO         4438    i.verify_CRC8_check_sum  crc8_crc16.o
    0x08018116   0x00000002   PAD
    0x08018118   0x00000050   Code   RO         3280    i.vision_send       vision.o
    0x08018168   0x00000104   Code   RO        12340    i.xPortStartScheduler  port.o
    0x0801826c   0x0000002c   Code   RO        12341    i.xPortSysTickHandler  port.o
    0x08018298   0x00000070   Code   RO        11040    i.xQueueGenericCreateStatic  queue.o
    0x08018308   0x00000090   Code   RO        11041    i.xQueueGenericReset  queue.o
    0x08018398   0x00000170   Code   RO        11042    i.xQueueGenericSend  queue.o
    0x08018508   0x000000be   Code   RO        11043    i.xQueueGenericSendFromISR  queue.o
    0x080185c6   0x00000002   PAD
    0x080185c8   0x00000148   Code   RO        11051    i.xQueueReceive     queue.o
    0x08018710   0x00000098   Code   RO        11406    i.xTaskCheckForTimeOut  tasks.o
    0x080187a8   0x0000006c   Code   RO        11407    i.xTaskCreate       tasks.o
    0x08018814   0x00000060   Code   RO        11408    i.xTaskCreateStatic  tasks.o
    0x08018874   0x0000008c   Code   RO        11412    i.xTaskGetHandle    tasks.o
    0x08018900   0x0000001c   Code   RO        11413    i.xTaskGetSchedulerState  tasks.o
    0x0801891c   0x0000000c   Code   RO        11414    i.xTaskGetTickCount  tasks.o
    0x08018928   0x000000d4   Code   RO        11416    i.xTaskIncrementTick  tasks.o
    0x080189fc   0x0000009c   Code   RO        11419    i.xTaskPriorityDisinherit  tasks.o
    0x08018a98   0x00000078   Code   RO        11421    i.xTaskRemoveFromEventList  tasks.o
    0x08018b10   0x000000cc   Code   RO        11422    i.xTaskResumeAll    tasks.o
    0x08018bdc   0x00000068   Code   RO        11746    i.xTimerCreateTimerTask  timers.o
    0x08018c44   0x00000074   Code   RO        11747    i.xTimerGenericCommand  timers.o
    0x08018cb8   0x0000002c   Code   RO        13793    locale$$code        c_w.l(lc_numeric_c.o)
    0x08018ce4   0x0000002c   Code   RO        13826    locale$$code        c_w.l(lc_ctype_c.o)
    0x08018d10   0x000002c4   Code   RO        13318    x$fpl$d2f           g_wm.l(d2f_clz.o)
    0x08018fd4   0x0000024c   Code   RO        13320    x$fpl$dadd          g_wm.l(daddsub_clz.o)
    0x08019220   0x00000018   Code   RO        13608    x$fpl$dcmpinf       g_wm.l(dcmpi.o)
    0x08019238   0x0000002e   Code   RO        13331    x$fpl$dflt          g_wm.l(dflt_clz.o)
    0x08019266   0x0000001a   Code   RO        13332    x$fpl$dfltn         g_wm.l(dflt_clz.o)
    0x08019280   0x00000078   Code   RO        13336    x$fpl$dleqf         g_wm.l(dleqf.o)
    0x080192f8   0x000001c0   Code   RO        13338    x$fpl$dmul          g_wm.l(dmul_clz.o)
    0x080194b8   0x00000102   Code   RO        13610    x$fpl$dnaninf       g_wm.l(dnaninf.o)
    0x080195ba   0x00000070   Code   RO        13612    x$fpl$drenorm       g_wm.l(drenorm_clz.o)
    0x0801962a   0x0000000c   Code   RO        13614    x$fpl$dretinf       g_wm.l(dretinf.o)
    0x08019636   0x00000062   Code   RO        13340    x$fpl$drleqf        g_wm.l(drleqf.o)
    0x08019698   0x0000029c   Code   RO        13322    x$fpl$dsub          g_wm.l(daddsub_clz.o)
    0x08019934   0x0000017a   Code   RO        13618    x$fpl$dunder        g_wm.l(dunder_clz.o)
    0x08019aae   0x00000002   PAD
    0x08019ab0   0x000001ec   Code   RO        13620    x$fpl$exception     g_wm.l(except.o)
    0x08019c9c   0x0000007a   Code   RO        13342    x$fpl$f2d           g_wm.l(f2d.o)
    0x08019d16   0x000000f2   Code   RO        13622    x$fpl$fnaninf       g_wm.l(fnaninf.o)
    0x08019e08   0x0000000a   Code   RO        13745    x$fpl$fpinit        g_wm.l(fpinit.o)
    0x08019e12   0x0000000a   Code   RO        13624    x$fpl$fretinf       g_wm.l(fretinf.o)
    0x08019e1c   0x0000013c   Code   RO        13626    x$fpl$funder        g_wm.l(funder_clz.o)
    0x08019f58   0x00000020   Code   RO        13815    x$fpl$ieeestatus    g_wm.l(istatus.o)
    0x08019f78   0x00000004   Code   RO        13628    x$fpl$printf1       g_wm.l(printf1.o)
    0x08019f7c   0x00000004   Code   RO        13630    x$fpl$printf2       g_wm.l(printf2.o)
    0x08019f80   0x000000b2   Code   RO        13747    x$fpl$retnan        g_wm.l(retnan.o)
    0x0801a032   0x0000007e   Code   RO        13638    x$fpl$trapveneer    g_wm.l(trapv.o)
    0x0801a0b0   0x00000000   Code   RO        13640    x$fpl$usenofp       g_wm.l(usenofp.o)
    0x0801a0b0   0x00000134   Data   RO          452    .constdata          freertos.o
    0x0801a1e4   0x00000018   Data   RO         1834    .constdata          system_stm32f4xx.o
    0x0801a1fc   0x00000018   Data   RO         2708    .constdata          bsp_pid.o
    0x0801a214   0x00000008   Data   RO         3184    .constdata          shoot.o
    0x0801a21c   0x0000115c   Data   RO         3590    .constdata          oled.o
    0x0801b378   0x00000012   Data   RO         3723    .constdata          bmi088driver.o
    0x0801b38a   0x0000000c   Data   RO         3938    .constdata          ist8310driver.o
    0x0801b396   0x00000302   Data   RO         4439    .constdata          crc8_crc16.o
    0x0801b698   0x0000000f   Data   RO         5012    .constdata          calibrate_task.o
    0x0801b6a7   0x00000001   PAD
    0x0801b6a8   0x00000008   Data   RO         5141    .constdata          chassis_task.o
    0x0801b6b0   0x00000054   Data   RO         5230    .constdata          detect_task.o
    0x0801b704   0x00000018   Data   RO         5294    .constdata          gimbal_task.o
    0x0801b71c   0x00000018   Data   RO         5452    .constdata          ins_task.o
    0x0801b734   0x00001164   Data   RO         5632    .constdata          oled_task.o
    0x0801c898   0x00000008   Data   RO         6995    .constdata          stm32f4xx_hal_dma.o
    0x0801c8a0   0x0000000c   Data   RO        12848    .constdata          AHRS.lib(ahrs.o)
    0x0801c8ac   0x00000804   Data   RO        13202    .constdata          arm_cortexM4lf_math.lib(arm_common_tables.o)
    0x0801d0b0   0x00000008   Data   RO        13487    .constdata          c_w.l(_printf_wctomb.o)
    0x0801d0b8   0x00000028   Data   RO        13516    .constdata          c_w.l(_printf_hex_int_ll_ptr.o)
    0x0801d0e0   0x00000011   Data   RO        13536    .constdata          c_w.l(__printf_flags_ss_wp.o)
    0x0801d0f1   0x00000026   Data   RO        13723    .constdata          c_w.l(_printf_fp_hex.o)
    0x0801d117   0x00000001   PAD
    0x0801d118   0x00000094   Data   RO        13768    .constdata          c_w.l(bigflt0.o)
    0x0801d1ac   0x00000065   Data   RO          453    .conststring        freertos.o
    0x0801d211   0x00000003   PAD
    0x0801d214   0x00000020   Data   RO        13879    Region$$Table       anon$$obj.o
    0x0801d234   0x0000001c   Data   RO        13792    locale$$data        c_w.l(lc_numeric_c.o)
    0x0801d250   0x00000110   Data   RO        13825    locale$$data        c_w.l(lc_ctype_c.o)


    Execution Region RW_IRAM2 (Base: 0x10000000, Size: 0x00000000, Max: 0x00010000, ABSOLUTE)

    **** No section assigned to this execution region ****


    Execution Region RW_IRAM1 (Base: 0x20000000, Size: 0x0000dde0, Max: 0x00020000, ABSOLUTE, COMPRESSED[0x00000138])

    Base Addr    Size         Type   Attr      Idx    E Section Name        Object

    0x20000000   0x00000030   Data   RW          454    .data               freertos.o
    0x20000030   0x00000004   Data   RW          559    .data               can.o
    0x20000034   0x00000008   Data   RW          606    .data               crc.o
    0x2000003c   0x00000010   Data   RW         1600    .data               chassis_behaviour.o
    0x2000004c   0x00000004   Data   RW         1835    .data               system_stm32f4xx.o
    0x20000050   0x00000004   Data   RW         1875    .data               bsp_adc.o
    0x20000054   0x00000008   Data   RW         2129    .data               bsp_delay.o
    0x2000005c   0x00000010   Data   RW         2173    .data               bsp_flash.o
    0x2000006c   0x00000008   Data   RW         2397    .data               bsp_led.o
    0x20000074   0x00000028   Data   RW         2709    .data               bsp_pid.o
    0x2000009c   0x0000001d   Data   RW         2754    .data               can_receive.o
    0x200000b9   0x00000007   PAD
    0x200000c0   0x00000078   Data   RW         2860    .data               chassis_power_control.o
    0x20000138   0x00000054   Data   RW         2926    .data               gimbal_behaviour.o
    0x2000018c   0x0000002d   Data   RW         3027    .data               referee.o
    0x200001b9   0x00000001   PAD
    0x200001ba   0x00000003   Data   RW         3078    .data               remote_control.o
    0x200001bd   0x00000003   PAD
    0x200001c0   0x00000076   Data   RW         3185    .data               shoot.o
    0x20000236   0x00000002   PAD
    0x20000238   0x00000034   Data   RW         3282    .data               vision.o
    0x2000026c   0x00000008   Data   RW         3591    .data               oled.o
    0x20000274   0x0000002c   Data   RW         3724    .data               bmi088driver.o
    0x200002a0   0x00000002   Data   RW         4440    .data               crc8_crc16.o
    0x200002a2   0x00000002   PAD
    0x200002a4   0x00000054   Data   RW         5013    .data               calibrate_task.o
    0x200002f8   0x0000002c   Data   RW         5142    .data               chassis_task.o
    0x20000324   0x00000009   Data   RW         5231    .data               detect_task.o
    0x2000032d   0x00000003   PAD
    0x20000330   0x00000020   Data   RW         5295    .data               gimbal_task.o
    0x20000350   0x000000b0   Data   RW         5453    .data               ins_task.o
    0x20000400   0x0000001c   Data   RW         5599    .data               led_flow_task.o
    0x2000041c   0x00000017   Data   RW         5633    .data               oled_task.o
    0x20000433   0x00000001   PAD
    0x20000434   0x00000002   Data   RW         5675    .data               referee_usart_task.o
    0x20000436   0x00000002   PAD
    0x20000438   0x00000008   Data   RW         5795    .data               voltage_task.o
    0x20000440   0x00000040   Data   RW         5834    .data               vision_task.o
    0x20000480   0x0000000c   Data   RW         7417    .data               stm32f4xx_hal.o
    0x2000048c   0x0000003c   Data   RW        11425    .data               tasks.o
    0x200004c8   0x00000014   Data   RW        11755    .data               timers.o
    0x200004dc   0x00000020   Data   RW        12286    .data               heap_4.o
    0x200004fc   0x0000000c   Data   RW        12342    .data               port.o
    0x20000508   0x00000001   Data   RW        12588    .data               usbd_ctlreq.o
    0x20000509   0x00000003   PAD
    0x2000050c   0x00000010   Data   RW        12849    .data               AHRS.lib(ahrs.o)
    0x2000051c   0x000006a8   Zero   RW          451    .bss                freertos.o
    0x20000bc4   0x00000090   Zero   RW          510    .bss                adc.o
    0x20000c54   0x00000050   Zero   RW          558    .bss                can.o
    0x20000ca4   0x0000015c   Zero   RW          674    .bss                i2c.o
    0x20000e00   0x00000010   Zero   RW          726    .bss                rng.o
    0x20000e10   0x00000020   Zero   RW          768    .bss                rtc.o
    0x20000e30   0x00000170   Zero   RW          811    .bss                spi.o
    0x20000fa0   0x00000288   Zero   RW          871    .bss                tim.o
    0x20001228   0x000002ac   Zero   RW          980    .bss                usart.o
    0x200014d4   0x0000072c   Zero   RW         1108    .bss                usbd_conf.o
    0x20001c00   0x00000010   Zero   RW         1874    .bss                bsp_adc.o
    0x20001c10   0x00000064   Zero   RW         2541    .bss                bsp_usart.o
    0x20001c74   0x0000000c   Zero   RW         2707    .bss                bsp_pid.o
    0x20001c80   0x00000110   Zero   RW         2753    .bss                can_receive.o
    0x20001d90   0x00000220   Zero   RW         2859    .bss                chassis_power_control.o
    0x20001fb0   0x00000072   Zero   RW         3026    .bss                referee.o
    0x20002022   0x00000072   Zero   RW         3077    .bss                remote_control.o
    0x20002094   0x00000258   Zero   RW         3183    .bss                shoot.o
    0x200022ec   0x000000ec   Zero   RW         3281    .bss                vision.o
    0x200023d8   0x00000417   Zero   RW         3589    .bss                oled.o
    0x200027ef   0x00000001   PAD
    0x200027f0   0x000000d8   Zero   RW         4834    .bss                my_pid.o
    0x200028c8   0x00000115   Zero   RW         5011    .bss                calibrate_task.o
    0x200029dd   0x00000003   PAD
    0x200029e0   0x00000248   Zero   RW         5140    .bss                chassis_task.o
    0x20002c28   0x0000021c   Zero   RW         5229    .bss                detect_task.o
    0x20002e44   0x000001e8   Zero   RW         5293    .bss                gimbal_task.o
    0x2000302c   0x00000134   Zero   RW         5451    .bss                ins_task.o
    0x20003160   0x000008a1   Zero   RW         5674    .bss                referee_usart_task.o
    0x20003a01   0x00000003   PAD
    0x20003a04   0x0000011c   Zero   RW         5833    .bss                vision_task.o
    0x20003b20   0x00000020   Zero   RW         6649    .bss                stm32f4xx_hal_flash.o
    0x20003b40   0x00000040   Zero   RW        11054    .bss                queue.o
    0x20003b80   0x000000f0   Zero   RW        11424    .bss                tasks.o
    0x20003c70   0x00000110   Zero   RW        11754    .bss                timers.o
    0x20003d80   0x00006000   Zero   RW        12285    .bss                heap_4.o
    0x20009d80   0x00000060   Zero   RW        13682    .bss                c_w.l(libspace.o)
    0x20009de0   0x00002000   Zero   RW            2    HEAP                startup_stm32f407xx.o
    0x2000bde0   0x00002000   Zero   RW            1    STACK               startup_stm32f407xx.o


==============================================================================

Image component sizes


      Code (inc. data)   RO Data    RW Data    ZI Data      Debug   Object Name

       396         42          0          0        144       2302   adc.o
       168          4          0          0          0       5720   ahrs_middleware.o
      2338         40         18         44          0      10439   bmi088driver.o
       140         28          0          0          0       4784   bmi088middleware.o
       288         44          0          4         16     623168   bsp_adc.o
        36         12          0          0          0        981   bsp_buzzer.o
        92          8          0          0          0        586   bsp_can.o
       128         20          0          8          0       1308   bsp_delay.o
       694        108          0         16          0       3925   bsp_flash.o
        24          6          0          0          0        451   bsp_fric.o
      1260        100          0          0          0       5681   bsp_i2c.o
        12          4          0          0          0        498   bsp_imu_pwm.o
        32         10          0          0          0        903   bsp_laser.o
       104         22          0          8          0        588   bsp_led.o
       448         90         24         40         12       2234   bsp_pid.o
       260         28          0          0          0       1955   bsp_rc.o
     10428        170          0          0          0       5650   bsp_spi.o
      1122         66          0          0        100       4567   bsp_usart.o
      2056        108         15         84        277       9790   calibrate_task.o
       488         44          0          4         80       2370   can.o
      1440        108          0         29        272       9808   can_receive.o
      1056         88          0         16          0     635920   chassis_behaviour.o
      2236        198          0        120        544       5043   chassis_power_control.o
      4054        336          8         44        584       9396   chassis_task.o
       130          0          0          0          0      22847   cmsis_os.o
        84         18          0          8          0       1447   crc.o
       198         16        770          2          0       3653   crc8_crc16.o
      1360         50         84          9        540       3781   detect_task.o
       200          6          0          0          0        834   dma.o
         0          0          0          0          0      18192   event_groups.o
       258          0          0          0          0       9691   fifo.o
        98          6          0          0          0       1457   filter.o
       368         70        409         48       1704       3938   freertos.o
      2712        272          0         84          0      11180   gimbal_behaviour.o
      2846        128         24         32        488      18245   gimbal_task.o
       632         26          0          0          0       1327   gpio.o
       504         32          0         32      24576       5003   heap_4.o
       700         80          0          0        348       3040   i2c.o
      4432        344         24        176        308      17522   ins_task.o
       148          6         12          0          0       1935   ist8310driver.o
       136         22          0          0          0       3943   ist8310driver_middleware.o
       432         10          0         28          0       1629   led_flow_task.o
       144          0          0          0          0       3574   list.o
       386         22          0          0          0     837719   main.o
       654         14          0          0        216       4798   my_pid.o
      1092         56       4444          8       1047      10675   oled.o
       532         42       4452         23          0       2930   oled_task.o
       668         12          0          0          0       3002   pid.o
       814         92          0         12          0      11993   port.o
      1586         24          0          0         64      17364   queue.o
       620        148          0         45        114       8030   referee.o
       150         44          0          0          0       4348   referee_lib.o
       684         50          0          2       2209       3928   referee_usart_task.o
       674         50          0          3        114       7644   remote_control.o
         0          0          0          0          0        560   rm_ui.o
        84         18          0          0         16       1447   rng.o
       116         22          0          0         32       1483   rtc.o
      1676        264          8        118        600      12279   shoot.o
       604         54          0          0        368       2536   spi.o
        64         26        392          0      16384        844   startup_stm32f407xx.o
       148         24          0         12          0       8749   stm32f4xx_hal.o
      1262         42          0          0          0       5278   stm32f4xx_hal_adc.o
      2004          6          0          0          0      14623   stm32f4xx_hal_can.o
       208         16          0          0          0      33655   stm32f4xx_hal_cortex.o
        36          0          0          0          0       1043   stm32f4xx_hal_crc.o
      1036         18          8          0          0       5864   stm32f4xx_hal_dma.o
       568         74          0          0         32       6038   stm32f4xx_hal_flash.o
       380         24          0          0          0       3302   stm32f4xx_hal_flash_ex.o
       566         24          0          0          0       2987   stm32f4xx_hal_gpio.o
      3328         64          0          0          0      15476   stm32f4xx_hal_i2c.o
        84          6          0          0          0        830   stm32f4xx_hal_msp.o
      2358         12          0          0          0      11010   stm32f4xx_hal_pcd.o
         2          0          0          0          0        929   stm32f4xx_hal_pcd_ex.o
      1722        104          0          0          0       6480   stm32f4xx_hal_rcc.o
       380         34          0          0          0       1504   stm32f4xx_hal_rcc_ex.o
        52          0          0          0          0       1079   stm32f4xx_hal_rng.o
       324          0          0          0          0       3315   stm32f4xx_hal_rtc.o
      1010         14          0          0          0       4721   stm32f4xx_hal_spi.o
      2200         56          0          0          0      17369   stm32f4xx_hal_tim.o
       236          0          0          0          0       3385   stm32f4xx_hal_tim_ex.o
       690          4          0          0          0       4024   stm32f4xx_hal_uart.o
       208         48          0          0          0       9103   stm32f4xx_it.o
      2118         80          0          0          0      16446   stm32f4xx_ll_usb.o
       100         18         24          4          0       1151   system_stm32f4xx.o
      2902        244          0         60        240      33873   tasks.o
        10          0          0          0          0        492   test_task.o
      2516        196          0          0        648       9132   tim.o
      1088         94          0         20        272      30707   timers.o
      1012         92          0          0        684       3519   usart.o
       632          6          0          0       1836      12610   usbd_conf.o
       866          0          0          0          0      12519   usbd_core.o
      1812         28          0          1          0      16355   usbd_ctlreq.o
       102          0          0          0          0       3800   usbd_ioreq.o
       538          8          0          0          0       6582   user_lib.o
       462         64          0         52        236      21296   vision.o
       892        118          0         64        284       2928   vision_task.o
       336         72          0          8          0       2009   voltage_task.o

    ----------------------------------------------------------------------
     89366       5298      10752       1292      55396    2747068   Object Totals
         0          0         32          0          0          0   (incl. Generated)
        92          0          4         24          7          0   (incl. Padding)

    ----------------------------------------------------------------------

      Code (inc. data)   RO Data    RW Data    ZI Data      Debug   Library Member Name

      2718         84         12         16          0       9922   ahrs.o
         0          0       2052          0          0       4636   arm_common_tables.o
       120         12          0          0          0      16970   arm_cos_f32.o
       116         12          0          0          0        658   arm_sin_f32.o
        90          0          0          0          0          0   __dczerorl2.o
         8          0          0          0          0         68   __main.o
       392          4         17          0          0         92   __printf_flags_ss_wp.o
        14          0          0          0          0         68   __printf_wp.o
         0          0          0          0          0          0   __rtentry.o
        12          0          0          0          0          0   __rtentry2.o
         6          0          0          0          0          0   __rtentry4.o
        52          8          0          0          0          0   __scatter.o
        28          0          0          0          0          0   __scatter_zi.o
        48          4          0          0          0         84   _fptrap.o
         6          0          0          0          0          0   _printf_a.o
         6          0          0          0          0          0   _printf_c.o
        44          0          0          0          0        108   _printf_char.o
        48          6          0          0          0         96   _printf_char_common.o
        40          0          0          0          0         68   _printf_charcount.o
         6          0          0          0          0          0   _printf_d.o
       120         16          0          0          0         92   _printf_dec.o
         6          0          0          0          0          0   _printf_e.o
         6          0          0          0          0          0   _printf_f.o
      1050          0          0          0          0        216   _printf_fp_dec.o
       764         10         38          0          0        100   _printf_fp_hex.o
       128         16          0          0          0         84   _printf_fp_infnan.o
         6          0          0          0          0          0   _printf_g.o
       148          4         40          0          0        160   _printf_hex_int_ll_ptr.o
         6          0          0          0          0          0   _printf_i.o
       178          0          0          0          0         88   _printf_intcommon.o
        10          0          0          0          0          0   _printf_l.o
         6          0          0          0          0          0   _printf_lc.o
        10          0          0          0          0          0   _printf_ll.o
         6          0          0          0          0          0   _printf_lld.o
         6          0          0          0          0          0   _printf_lli.o
         6          0          0          0          0          0   _printf_llo.o
         6          0          0          0          0          0   _printf_llu.o
         6          0          0          0          0          0   _printf_llx.o
       124         16          0          0          0         92   _printf_longlong_dec.o
         6          0          0          0          0          0   _printf_ls.o
         6          0          0          0          0          0   _printf_n.o
         6          0          0          0          0          0   _printf_o.o
       112          8          0          0          0        124   _printf_oct_int_ll.o
         6          0          0          0          0          0   _printf_p.o
        78          0          0          0          0        108   _printf_pad.o
         0          0          0          0          0          0   _printf_percent.o
         4          0          0          0          0          0   _printf_percent_end.o
         6          0          0          0          0          0   _printf_s.o
        82          0          0          0          0         80   _printf_str.o
        36          0          0          0          0         84   _printf_truncate.o
         6          0          0          0          0          0   _printf_u.o
        44          0          0          0          0        108   _printf_wchar.o
       188          6          8          0          0         92   _printf_wctomb.o
         6          0          0          0          0          0   _printf_x.o
        22          0          0          0          0        100   _rserrno.o
        10          0          0          0          0         68   _sputc.o
        64          0          0          0          0         92   _wcrtomb.o
        16          0          0          0          0         68   aeabi_memset.o
       220          4        148          0          0         96   bigflt0.o
      1910        128          0          0          0        672   btod.o
        10          0          0          0          0         68   defsig_exit.o
       172        110          0          0          0         76   defsig_fpe_inner.o
        14          0          0          0          0         80   defsig_fpe_outer.o
        50          0          0          0          0         88   defsig_general.o
        12          0          0          0          0         72   exit.o
         6          0          0          0          0        152   heapauxi.o
         0          0          0          0          0          0   indicate_semi.o
        44         10        272          0          0         76   lc_ctype_c.o
        44         10         28          0          0         76   lc_numeric_c.o
         2          0          0          0          0          0   libinit.o
        34          0          0          0          0          0   libinit2.o
         2          0          0          0          0          0   libshutdown.o
         2          0          0          0          0          0   libshutdown2.o
         8          4          0          0         96         68   libspace.o
       138          0          0          0          0         80   lludiv10.o
       238          0          0          0          0        100   lludivv7m.o
        16          4          0          0          0         76   rt_ctype_table.o
         8          4          0          0          0         68   rt_errno_addr_intlibspace.o
         8          4          0          0          0         68   rt_locale_intlibspace.o
        68          0          0          0          0         68   rt_memclr.o
        78          0          0          0          0         80   rt_memclr_w.o
       138          0          0          0          0         68   rt_memcpy_v6.o
       100          0          0          0          0         80   rt_memcpy_w.o
         2          0          0          0          0          0   rtexit.o
        10          0          0          0          0          0   rtexit2.o
       128          0          0          0          0         68   strcmpv7m.o
        62          0          0          0          0         76   strlen.o
        12          4          0          0          0         68   sys_exit.o
        74          0          0          0          0         80   sys_stackheap_outer.o
        14          0          0          0          0         76   sys_wrch.o
         2          0          0          0          0         68   use_no_semi.o
        36          4          0          0          0         76   vsprintf.o
       708         16          0          0          0        140   d2f_clz.o
      1256         28          0          0          0        408   daddsub_clz.o
        24          0          0          0          0        116   dcmpi.o
        72          0          0          0          0        232   dflt_clz.o
       120          8          0          0          0        140   dleqf.o
       448         16          0          0          0        164   dmul_clz.o
       258          4          0          0          0        156   dnaninf.o
       112          0          0          0          0        160   drenorm_clz.o
        12          0          0          0          0        116   dretinf.o
        98          0          0          0          0        128   drleqf.o
       378          0          0          0          0        168   dunder_clz.o
       492         36          0          0          0        148   except.o
       122          8          0          0          0        132   f2d.o
       242          4          0          0          0        144   fnaninf.o
        10          0          0          0          0        116   fpinit.o
        10          0          0          0          0        116   fretinf.o
       316          0          0          0          0        132   funder_clz.o
        32          4          0          0          0        116   istatus.o
         4          0          0          0          0        116   printf1.o
         4          0          0          0          0        116   printf2.o
       178          0          0          0          0        116   retnan.o
       126          0          0          0          0        148   trapv.o
         0          0          0          0          0          0   usenofp.o
       300         42          0          0          0        176   asinf.o
       592         90          0          0          0        184   atan2f.o
        20          0          0          0          0        124   fabs.o
        48          0          0          0          0        124   fpclassify.o
        38          0          0          0          0        116   fpclassifyf.o
        44         12          0          0          0        464   funder.o
       120          0          0          0          0        272   sqrtf_full.o

    ----------------------------------------------------------------------
     16914        760       2616         16         96      42038   Library Totals
        24          0          1          0          0          0   (incl. Padding)

    ----------------------------------------------------------------------

      Code (inc. data)   RO Data    RW Data    ZI Data      Debug   Library Name

      2718         84         12         16          0       9922   AHRS.lib
       236         24       2052          0          0      22264   arm_cortexM4lf_math.lib
      7752        384        551          0         96       5064   c_w.l
      5022        124          0          0          0       3328   g_wm.l
      1162        144          0          0          0       1460   m_wm.l

    ----------------------------------------------------------------------
     16914        760       2616         16         96      42038   Library Totals

    ----------------------------------------------------------------------

==============================================================================


      Code (inc. data)   RO Data    RW Data    ZI Data      Debug   

    106280       6058      13368       1308      55492    2724046   Grand Totals
    106280       6058      13368        312      55492    2724046   ELF Image Totals (compressed)
    106280       6058      13368        312          0          0   ROM Totals

==============================================================================

    Total RO  Size (Code + RO Data)               119648 ( 116.84kB)
    Total RW  Size (RW Data + ZI Data)             56800 (  55.47kB)
    Total ROM Size (Code + RO Data + RW Data)     119960 ( 117.15kB)

==============================================================================

